###############################################################################
#
# IAR ELF Linker V7.50.2.10312/W32 for ARM                24/Mar/2017  12:55:02
# Copyright 2007-2015 IAR Systems AB.
#
#    Output file  =  
#        G:\emb_pj\CS_Demo\demo3\cs_pr_a\Device-2.12.x.y\project
#        files\v.12.x.y\Flash-Debug\Exe\device_2_v_10_0_0.out.tmp
#    Map file     =  
#        G:\emb_pj\CS_Demo\demo3\cs_pr_a\Device-2.12.x.y\project
#        files\v.12.x.y\Flash-Debug\List\device_2_v_10_0_0.map
#    Command line =  
#        "G:\emb_pj\CS_Demo\demo3\cs_pr_a\Device-2.12.x.y\project
#        files\v.12.x.y\Flash-Debug\Obj\BaseInPoint.o"
#        "G:\emb_pj\CS_Demo\demo3\cs_pr_a\Device-2.12.x.y\project
#        files\v.12.x.y\Flash-Debug\Obj\driver_lcd.o"
#        "G:\emb_pj\CS_Demo\demo3\cs_pr_a\Device-2.12.x.y\project
#        files\v.12.x.y\Flash-Debug\Obj\driver_serial_dataflash.o"
#        "G:\emb_pj\CS_Demo\demo3\cs_pr_a\Device-2.12.x.y\project
#        files\v.12.x.y\Flash-Debug\Obj\eeprom_rtc.o"
#        "G:\emb_pj\CS_Demo\demo3\cs_pr_a\Device-2.12.x.y\project
#        files\v.12.x.y\Flash-Debug\Obj\ExtPoint.o"
#        "G:\emb_pj\CS_Demo\demo3\cs_pr_a\Device-2.12.x.y\project
#        files\v.12.x.y\Flash-Debug\Obj\fsmc_sram.o"
#        "G:\emb_pj\CS_Demo\demo3\cs_pr_a\Device-2.12.x.y\project
#        files\v.12.x.y\Flash-Debug\Obj\hw_config.o"
#        "G:\emb_pj\CS_Demo\demo3\cs_pr_a\Device-2.12.x.y\project
#        files\v.12.x.y\Flash-Debug\Obj\I_Shm.o"
#        "G:\emb_pj\CS_Demo\demo3\cs_pr_a\Device-2.12.x.y\project
#        files\v.12.x.y\Flash-Debug\Obj\InPoint.o"
#        "G:\emb_pj\CS_Demo\demo3\cs_pr_a\Device-2.12.x.y\project
#        files\v.12.x.y\Flash-Debug\Obj\interfaces.o"
#        "G:\emb_pj\CS_Demo\demo3\cs_pr_a\Device-2.12.x.y\project
#        files\v.12.x.y\Flash-Debug\Obj\interrupts.o"
#        "G:\emb_pj\CS_Demo\demo3\cs_pr_a\Device-2.12.x.y\project
#        files\v.12.x.y\Flash-Debug\Obj\low_level_init.o"
#        "G:\emb_pj\CS_Demo\demo3\cs_pr_a\Device-2.12.x.y\project
#        files\v.12.x.y\Flash-Debug\Obj\LUAlt.o"
#        "G:\emb_pj\CS_Demo\demo3\cs_pr_a\Device-2.12.x.y\project
#        files\v.12.x.y\Flash-Debug\Obj\LUAnd_8_1.o"
#        "G:\emb_pj\CS_Demo\demo3\cs_pr_a\Device-2.12.x.y\project
#        files\v.12.x.y\Flash-Debug\Obj\LUBase.o"
#        "G:\emb_pj\CS_Demo\demo3\cs_pr_a\Device-2.12.x.y\project
#        files\v.12.x.y\Flash-Debug\Obj\LUBGS.o"
#        "G:\emb_pj\CS_Demo\demo3\cs_pr_a\Device-2.12.x.y\project
#        files\v.12.x.y\Flash-Debug\Obj\LUDInput_0_1.o"
#        "G:\emb_pj\CS_Demo\demo3\cs_pr_a\Device-2.12.x.y\project
#        files\v.12.x.y\Flash-Debug\Obj\LUDout_1_0.o"
#        "G:\emb_pj\CS_Demo\demo3\cs_pr_a\Device-2.12.x.y\project
#        files\v.12.x.y\Flash-Debug\Obj\LULed.o"
#        "G:\emb_pj\CS_Demo\demo3\cs_pr_a\Device-2.12.x.y\project
#        files\v.12.x.y\Flash-Debug\Obj\LUNot_1_1.o"
#        "G:\emb_pj\CS_Demo\demo3\cs_pr_a\Device-2.12.x.y\project
#        files\v.12.x.y\Flash-Debug\Obj\LUOr_8_1.o"
#        "G:\emb_pj\CS_Demo\demo3\cs_pr_a\Device-2.12.x.y\project
#        files\v.12.x.y\Flash-Debug\Obj\LUXor_8_1.o"
#        "G:\emb_pj\CS_Demo\demo3\cs_pr_a\Device-2.12.x.y\project
#        files\v.12.x.y\Flash-Debug\Obj\main.o"
#        "G:\emb_pj\CS_Demo\demo3\cs_pr_a\Device-2.12.x.y\project
#        files\v.12.x.y\Flash-Debug\Obj\measurement.o"
#        "G:\emb_pj\CS_Demo\demo3\cs_pr_a\Device-2.12.x.y\project
#        files\v.12.x.y\Flash-Debug\Obj\menu_alarm.o"
#        "G:\emb_pj\CS_Demo\demo3\cs_pr_a\Device-2.12.x.y\project
#        files\v.12.x.y\Flash-Debug\Obj\menu_choose_communication_parameters.o"
#        "G:\emb_pj\CS_Demo\demo3\cs_pr_a\Device-2.12.x.y\project
#        files\v.12.x.y\Flash-Debug\Obj\menu_choose_settings_logical_nodes.o"
#        "G:\emb_pj\CS_Demo\demo3\cs_pr_a\Device-2.12.x.y\project
#        files\v.12.x.y\Flash-Debug\Obj\menu_configuration.o"
#        "G:\emb_pj\CS_Demo\demo3\cs_pr_a\Device-2.12.x.y\project
#        files\v.12.x.y\Flash-Debug\Obj\menu_diagnostyka.o"
#        "G:\emb_pj\CS_Demo\demo3\cs_pr_a\Device-2.12.x.y\project
#        files\v.12.x.y\Flash-Debug\Obj\menu_group_alarm.o"
#        "G:\emb_pj\CS_Demo\demo3\cs_pr_a\Device-2.12.x.y\project
#        files\v.12.x.y\Flash-Debug\Obj\menu_info.o"
#        "G:\emb_pj\CS_Demo\demo3\cs_pr_a\Device-2.12.x.y\project
#        files\v.12.x.y\Flash-Debug\Obj\menu_input.o"
#        "G:\emb_pj\CS_Demo\demo3\cs_pr_a\Device-2.12.x.y\project
#        files\v.12.x.y\Flash-Debug\Obj\menu_labels.o"
#        "G:\emb_pj\CS_Demo\demo3\cs_pr_a\Device-2.12.x.y\project
#        files\v.12.x.y\Flash-Debug\Obj\menu_level_password.o"
#        "G:\emb_pj\CS_Demo\demo3\cs_pr_a\Device-2.12.x.y\project
#        files\v.12.x.y\Flash-Debug\Obj\menu_list_logical_nodes.o"
#        "G:\emb_pj\CS_Demo\demo3\cs_pr_a\Device-2.12.x.y\project
#        files\v.12.x.y\Flash-Debug\Obj\menu_list_settings.o"
#        "G:\emb_pj\CS_Demo\demo3\cs_pr_a\Device-2.12.x.y\project
#        files\v.12.x.y\Flash-Debug\Obj\menu_list_settings_bios.o"
#        "G:\emb_pj\CS_Demo\demo3\cs_pr_a\Device-2.12.x.y\project
#        files\v.12.x.y\Flash-Debug\Obj\menu_main.o"
#        "G:\emb_pj\CS_Demo\demo3\cs_pr_a\Device-2.12.x.y\project
#        files\v.12.x.y\Flash-Debug\Obj\menu_meander.o"
#        "G:\emb_pj\CS_Demo\demo3\cs_pr_a\Device-2.12.x.y\project
#        files\v.12.x.y\Flash-Debug\Obj\menu_output_led.o"
#        "G:\emb_pj\CS_Demo\demo3\cs_pr_a\Device-2.12.x.y\project
#        files\v.12.x.y\Flash-Debug\Obj\menu_param_list_logical_nodes.o"
#        "G:\emb_pj\CS_Demo\demo3\cs_pr_a\Device-2.12.x.y\project
#        files\v.12.x.y\Flash-Debug\Obj\menu_registrators.o"
#        "G:\emb_pj\CS_Demo\demo3\cs_pr_a\Device-2.12.x.y\project
#        files\v.12.x.y\Flash-Debug\Obj\menu_setting_language.o"
#        "G:\emb_pj\CS_Demo\demo3\cs_pr_a\Device-2.12.x.y\project
#        files\v.12.x.y\Flash-Debug\Obj\menu_state_inputs_outputs.o"
#        "G:\emb_pj\CS_Demo\demo3\cs_pr_a\Device-2.12.x.y\project
#        files\v.12.x.y\Flash-Debug\Obj\menu_time.o"
#        "G:\emb_pj\CS_Demo\demo3\cs_pr_a\Device-2.12.x.y\project
#        files\v.12.x.y\Flash-Debug\Obj\menu_timer.o"
#        "G:\emb_pj\CS_Demo\demo3\cs_pr_a\Device-2.12.x.y\project
#        files\v.12.x.y\Flash-Debug\Obj\menu_ver2.o"
#        "G:\emb_pj\CS_Demo\demo3\cs_pr_a\Device-2.12.x.y\project
#        files\v.12.x.y\Flash-Debug\Obj\menu_view_measurement.o"
#        "G:\emb_pj\CS_Demo\demo3\cs_pr_a\Device-2.12.x.y\project
#        files\v.12.x.y\Flash-Debug\Obj\Mft.o"
#        "G:\emb_pj\CS_Demo\demo3\cs_pr_a\Device-2.12.x.y\project
#        files\v.12.x.y\Flash-Debug\Obj\misc.o"
#        "G:\emb_pj\CS_Demo\demo3\cs_pr_a\Device-2.12.x.y\project
#        files\v.12.x.y\Flash-Debug\Obj\modbus.o"
#        "G:\emb_pj\CS_Demo\demo3\cs_pr_a\Device-2.12.x.y\project
#        files\v.12.x.y\Flash-Debug\Obj\procedures.o"
#        "G:\emb_pj\CS_Demo\demo3\cs_pr_a\Device-2.12.x.y\project
#        files\v.12.x.y\Flash-Debug\Obj\protections.o"
#        "G:\emb_pj\CS_Demo\demo3\cs_pr_a\Device-2.12.x.y\project
#        files\v.12.x.y\Flash-Debug\Obj\prtTmr.o"
#        "G:\emb_pj\CS_Demo\demo3\cs_pr_a\Device-2.12.x.y\project
#        files\v.12.x.y\Flash-Debug\Obj\SEGGER_RTT.o"
#        "G:\emb_pj\CS_Demo\demo3\cs_pr_a\Device-2.12.x.y\project
#        files\v.12.x.y\Flash-Debug\Obj\SEGGER_SYSVIEW.o"
#        "G:\emb_pj\CS_Demo\demo3\cs_pr_a\Device-2.12.x.y\project
#        files\v.12.x.y\Flash-Debug\Obj\SEGGER_SYSVIEW_Config_NoOS.o"
#        "G:\emb_pj\CS_Demo\demo3\cs_pr_a\Device-2.12.x.y\project
#        files\v.12.x.y\Flash-Debug\Obj\Shematic.o"
#        "G:\emb_pj\CS_Demo\demo3\cs_pr_a\Device-2.12.x.y\project
#        files\v.12.x.y\Flash-Debug\Obj\start_settings.o"
#        "G:\emb_pj\CS_Demo\demo3\cs_pr_a\Device-2.12.x.y\project
#        files\v.12.x.y\Flash-Debug\Obj\startup_stm32f2xx.o"
#        "G:\emb_pj\CS_Demo\demo3\cs_pr_a\Device-2.12.x.y\project
#        files\v.12.x.y\Flash-Debug\Obj\stm32f2xx_dbgmcu.o"
#        "G:\emb_pj\CS_Demo\demo3\cs_pr_a\Device-2.12.x.y\project
#        files\v.12.x.y\Flash-Debug\Obj\stm32f2xx_dma.o"
#        "G:\emb_pj\CS_Demo\demo3\cs_pr_a\Device-2.12.x.y\project
#        files\v.12.x.y\Flash-Debug\Obj\stm32f2xx_exti.o"
#        "G:\emb_pj\CS_Demo\demo3\cs_pr_a\Device-2.12.x.y\project
#        files\v.12.x.y\Flash-Debug\Obj\stm32f2xx_fsmc.o"
#        "G:\emb_pj\CS_Demo\demo3\cs_pr_a\Device-2.12.x.y\project
#        files\v.12.x.y\Flash-Debug\Obj\stm32f2xx_gpio.o"
#        "G:\emb_pj\CS_Demo\demo3\cs_pr_a\Device-2.12.x.y\project
#        files\v.12.x.y\Flash-Debug\Obj\stm32f2xx_i2c.o"
#        "G:\emb_pj\CS_Demo\demo3\cs_pr_a\Device-2.12.x.y\project
#        files\v.12.x.y\Flash-Debug\Obj\stm32f2xx_it.o"
#        "G:\emb_pj\CS_Demo\demo3\cs_pr_a\Device-2.12.x.y\project
#        files\v.12.x.y\Flash-Debug\Obj\stm32f2xx_rcc.o"
#        "G:\emb_pj\CS_Demo\demo3\cs_pr_a\Device-2.12.x.y\project
#        files\v.12.x.y\Flash-Debug\Obj\stm32f2xx_spi.o"
#        "G:\emb_pj\CS_Demo\demo3\cs_pr_a\Device-2.12.x.y\project
#        files\v.12.x.y\Flash-Debug\Obj\stm32f2xx_syscfg.o"
#        "G:\emb_pj\CS_Demo\demo3\cs_pr_a\Device-2.12.x.y\project
#        files\v.12.x.y\Flash-Debug\Obj\stm32f2xx_tim.o"
#        "G:\emb_pj\CS_Demo\demo3\cs_pr_a\Device-2.12.x.y\project
#        files\v.12.x.y\Flash-Debug\Obj\stm32f2xx_usart.o"
#        "G:\emb_pj\CS_Demo\demo3\cs_pr_a\Device-2.12.x.y\project
#        files\v.12.x.y\Flash-Debug\Obj\system_stm32f2xx.o"
#        "G:\emb_pj\CS_Demo\demo3\cs_pr_a\Device-2.12.x.y\project
#        files\v.12.x.y\Flash-Debug\Obj\usb_bsp.o"
#        "G:\emb_pj\CS_Demo\demo3\cs_pr_a\Device-2.12.x.y\project
#        files\v.12.x.y\Flash-Debug\Obj\usb_core.o"
#        "G:\emb_pj\CS_Demo\demo3\cs_pr_a\Device-2.12.x.y\project
#        files\v.12.x.y\Flash-Debug\Obj\usb_dcd.o"
#        "G:\emb_pj\CS_Demo\demo3\cs_pr_a\Device-2.12.x.y\project
#        files\v.12.x.y\Flash-Debug\Obj\usb_dcd_int.o"
#        "G:\emb_pj\CS_Demo\demo3\cs_pr_a\Device-2.12.x.y\project
#        files\v.12.x.y\Flash-Debug\Obj\usbd_cdc_core.o"
#        "G:\emb_pj\CS_Demo\demo3\cs_pr_a\Device-2.12.x.y\project
#        files\v.12.x.y\Flash-Debug\Obj\usbd_cdc_vcp.o"
#        "G:\emb_pj\CS_Demo\demo3\cs_pr_a\Device-2.12.x.y\project
#        files\v.12.x.y\Flash-Debug\Obj\usbd_core.o"
#        "G:\emb_pj\CS_Demo\demo3\cs_pr_a\Device-2.12.x.y\project
#        files\v.12.x.y\Flash-Debug\Obj\usbd_desc.o"
#        "G:\emb_pj\CS_Demo\demo3\cs_pr_a\Device-2.12.x.y\project
#        files\v.12.x.y\Flash-Debug\Obj\usbd_ioreq.o"
#        "G:\emb_pj\CS_Demo\demo3\cs_pr_a\Device-2.12.x.y\project
#        files\v.12.x.y\Flash-Debug\Obj\usbd_req.o"
#        "G:\emb_pj\CS_Demo\demo3\cs_pr_a\Device-2.12.x.y\project
#        files\v.12.x.y\Flash-Debug\Obj\usbd_usr.o" --redirect
#        _Printf=_PrintfFull --redirect _Scanf=_ScanfFull -o
#        "G:\emb_pj\CS_Demo\demo3\cs_pr_a\Device-2.12.x.y\project
#        files\v.12.x.y\Flash-Debug\Exe\device_2_v_10_0_0.out.tmp" --map
#        "G:\emb_pj\CS_Demo\demo3\cs_pr_a\Device-2.12.x.y\project
#        files\v.12.x.y\Flash-Debug\List\device_2_v_10_0_0.map" --config
#        "G:\emb_pj\CS_Demo\demo3\cs_pr_a\Device-2.12.x.y\project
#        files\v.12.x.y\..\stm32f2xx_flash.icf" --remarks --advanced_heap
#        --semihosting --entry __iar_program_start --place_holder
#        __checksum,2,.checksum,1 --define_symbol __checksum_begin=0x8000000
#        --define_symbol __checksum_end=0x80ffffd
#        G:\PRG\IAR7_50_2\arm\CMSIS\Lib\IAR\iar_cortexM3l_math.a --vfe
#
###############################################################################

*******************************************************************************
*** RUNTIME MODEL ATTRIBUTES
***

CppFlavor                     = *
__CPP_Language                = EC++
__Heap_Handler                = DLMalloc
__SystemLibrary               = DLib
__dlib_dynamic_initialization = normal


*******************************************************************************
*** PLACEMENT SUMMARY
***

"A1":  place at 0x08000000 { ro section .intvec };
"P1":  place in [from 0x08000000 to 0x080fffff] { ro };
"A2":  place at end of [0x08000000-0x080fffff] { ro section .checksum };
"P2":  place in [from 0x20000000 to 0x2001ffff] { rw };
"A3":  place at end of [0x20000000-0x2001ffff] { block CSTACK, block HEAP };
"P3":  place in [from 0x60000000 to 0x6003ffff] { section variables_RAM1 };

  Section                Kind        Address     Size  Object
  -------                ----        -------     ----  ------
"A1":                                           0x184
  .intvec                ro code  0x08000000    0x184  startup_stm32f2xx.o [1]
                                - 0x08000184    0x184

"P1":                                         0x26810
  .text                  ro code  0x08000184   0x2cfc  menu_ver2.o [1]
  .text                  ro code  0x08002e80     0x76  ABImemcpy_unaligned.o [6]
  .text                  ro code  0x08002ef6     0x76  lz77_init_single.o [6]
  .text                  ro code  0x08002f6c    0x4a4  driver_lcd.o [1]
  .text                  ro code  0x08003410    0x220  main.o [1]
  .text                  ro code  0x08003630   0x2984  procedures.o [1]
  .text                  ro code  0x08005fb4    0x132  I64DivMod.o [6]
  .text                  ro code  0x080060e6      0xe  usbd_usr.o [1]
  .text                  ro code  0x080060f4    0x14e  stm32f2xx_gpio.o [1]
  .rodata                const    0x08006242      0x2  menu_ver2.o [1]
  .text                  ro code  0x08006244     0x40  driver_lcd.o [1]
  .text                  ro code  0x08006284     0x70  driver_lcd.o [1]
  .text                  ro code  0x080062f4     0x40  driver_lcd.o [1]
  .text                  ro code  0x08006334     0xcc  SEGGER_SYSVIEW_Config_NoOS.o [1]
  .text                  ro code  0x08006400    0x21c  stm32f2xx_rcc.o [1]
  .text                  ro code  0x0800661c   0x1c28  start_settings.o [1]
  .text                  ro code  0x08008244    0x2b8  stm32f2xx_tim.o [1]
  .text                  ro code  0x080084fc    0x374  interfaces.o [1]
  .text                  ro code  0x08008870   0x1e38  Shematic.o [1]
  .text                  ro code  0x0800a6a8    0x2e4  main.o [1]
  .text                  ro code  0x0800a98c   0x1d1c  dlmalloc.o [3]
  .text                  ro code  0x0800c6a8      0x2  I64DivZer.o [6]
  .rodata                const    0x0800c6aa      0x2  menu_ver2.o [1]
  .text                  ro code  0x0800c6ac     0xa0  driver_lcd.o [1]
  .text                  ro code  0x0800c74c    0x624  SEGGER_SYSVIEW.o [1]
  .text                  ro code  0x0800cd70    0x21c  stm32f2xx_i2c.o [1]
  .text                  ro code  0x0800cf8c    0x1ba  hw_config.o [1]
  .rodata                const    0x0800d146      0x2  menu_ver2.o [1]
  .text                  ro code  0x0800d148     0x24  stm32f2xx_dbgmcu.o [1]
  .text                  ro code  0x0800d16c    0x33c  fsmc_sram.o [1]
  .text                  ro code  0x0800d4a8     0x4c  low_level_init.o [1]
  .text                  ro code  0x0800d4f4     0x54  stm32f2xx_syscfg.o [1]
  .text                  ro code  0x0800d548     0xcc  stm32f2xx_exti.o [1]
  .text                  ro code  0x0800d614    0x240  stm32f2xx_dma.o [1]
  .text                  ro code  0x0800d854     0xc0  stm32f2xx_spi.o [1]
  .text                  ro code  0x0800d914   0x25c0  eeprom_rtc.o [1]
  .text                  ro code  0x0800fed4    0x300  usbd_core.o [1]
  .text                  ro code  0x080101d4    0x59c  driver_serial_dataflash.o [1]
  .text                  ro code  0x08010770   0x182c  modbus.o [1]
  .text                  ro code  0x08011f9c    0x1ce  stm32f2xx_usart.o [1]
  .text                  ro code  0x0801216a      0xa  cxxabi.o [4]
  .text                  ro code  0x08012174     0x12  time.o [7]
  .rodata                const    0x08012186      0x2  menu_ver2.o [1]
  .text                  ro code  0x08012188     0x20  srand.o [3]
  .text                  ro code  0x080121a8     0xe0  rand.o [3]
  .text                  ro code  0x08012288     0x6c  LUBase.o [1]
  .text                  ro code  0x080122f4     0x32  LUDInput_0_1.o [1]
  .rodata                const    0x08012326      0x2  menu_ver2.o [1]
  .text                  ro code  0x08012328     0x2e  LUDout_1_0.o [1]
  .rodata                const    0x08012356      0x2  menu_ver2.o [1]
  .text                  ro code  0x08012358     0x2e  LULed.o [1]
  .text                  ro code  0x08012386     0x56  LUAnd_8_1.o [1]
  .text                  ro code  0x080123dc     0x46  LUOr_8_1.o [1]
  .rodata                const    0x08012422      0x2  menu_ver2.o [1]
  .text                  ro code  0x08012424     0x46  LUXor_8_1.o [1]
  .rodata                const    0x0801246a      0x1  menu_ver2.o [1]
  .rodata                const    0x0801246b      0x1  menu_ver2.o [1]
  .text                  ro code  0x0801246c     0x46  LUNot_1_1.o [1]
  .rodata                const    0x080124b2      0x1  menu_ver2.o [1]
  .rodata                const    0x080124b3      0x1  menu_ver2.o [1]
  .text                  ro code  0x080124b4    0x230  Mft.o [1]
  .text                  ro code  0x080126e4    0x18c  main.o [1]
  .text                  ro code  0x08012870      0x6  abort.o [3]
  .rodata                const    0x08012876      0x1  prtTmr.o [1]
  .rodata                const    0x08012877      0x1  prtTmr.o [1]
  .text                  ro code  0x08012878     0x2c  xgetmemchunk.o [3]
  .text                  ro code  0x080128a4    0x344  SEGGER_RTT.o [1]
  .text                  ro code  0x08012be8     0x88  misc.o [1]
  .text                  ro code  0x08012c70    0x11c  stm32f2xx_fsmc.o [1]
  .text                  ro code  0x08012d8c     0xb0  usb_bsp.o [1]
  .text                  ro code  0x08012e3c    0x2e2  usb_dcd.o [1]
  .text                  ro code  0x08013120    0x6c2  usbd_req.o [1]
  .text                  ro code  0x080137e2     0xe4  usbd_ioreq.o [1]
  .text                  ro code  0x080138c8    0x3d0  driver_serial_dataflash.o [1]
  .text                  ro code  0x08013c98     0x3c  modbus.o [1]
  .text                  ro code  0x08013cd4    0x800  modbus.o [1]
  .text                  ro code  0x080144d4     0xd8  modbus.o [1]
  .text                  ro code  0x080145ac     0x4a  modbus.o [1]
  .text                  ro code  0x080145f8    0x7e8  modbus.o [1]
  .text                  ro code  0x08014de0    0xc06  menu_time.o [1]
  .text                  ro code  0x080159e8     0x94  cppinit.o [3]
  .text                  ro code  0x08015a7c      0x2  xtls.o [3]
  .text                  ro code  0x08015a80    0x3e8  prtTmr.o [1]
  .text                  ro code  0x08015e68     0x14  exit.o [7]
  .text                  ro code  0x08015e7c     0x44  strcpy_unaligned.o [6]
  .text                  ro code  0x08015ec0    0xb2c  usb_core.o [1]
  .rodata                const    0x080169ec   0x17e8  menu_diagnostyka.o [1]
  .text                  ro code  0x080181d4   0x1594  interrupts.o [1]
  .text                  ro code  0x08019768     0x28  interrupts.o [1]
  .text                  ro code  0x08019790    0xa44  measurement.o [1]
  .text                  ro code  0x0801a1d4     0xa4  interrupts.o [1]
  .text                  ro code  0x0801a278      0x8  abs.o [3]
  .text                  ro code  0x0801a280   0x109c  menu_choose_communication_parameters.o [1]
  .text                  ro code  0x0801b31c    0xd34  menu_group_alarm.o [1]
  .text                  ro code  0x0801c050    0x260  menu_state_inputs_outputs.o [1]
  .text                  ro code  0x0801c2b0    0x7dc  menu_output_led.o [1]
  .text                  ro code  0x0801ca8c    0x77c  menu_alarm.o [1]
  .text                  ro code  0x0801d208    0x704  menu_input.o [1]
  .text                  ro code  0x0801d90c    0x6f8  menu_configuration.o [1]
  .text                  ro code  0x0801e004    0x67a  usb_dcd_int.o [1]
  .text                  ro code  0x0801e680    0x4f0  menu_timer.o [1]
  .text                  ro code  0x0801eb70    0x444  menu_view_measurement.o [1]
  .text                  ro code  0x0801efb4    0x434  menu_meander.o [1]
  .text                  ro code  0x0801f3e8    0x3e0  menu_param_list_logical_nodes.o [1]
  .text                  ro code  0x0801f7c8    0x3c0  menu_list_settings.o [1]
  .text                  ro code  0x0801fb88    0x398  menu_list_logical_nodes.o [1]
  .text                  ro code  0x0801ff20    0x384  menu_info.o [1]
  .rodata                const    0x080202a4    0x374  menu_param_list_logical_nodes.o [1]
  .text                  ro code  0x08020618    0x358  usbd_cdc_core.o [1]
  .text                  ro code  0x08020970    0x2d4  menu_list_settings_bios.o [1]
  .rodata                const    0x08020c44    0x2a8  menu_list_settings.o [1]
  .text                  ro code  0x08020eec    0x2a4  menu_labels.o [1]
  .text                  ro code  0x08021190    0x2a0  menu_diagnostyka.o [1]
  .rodata                const    0x08021430    0x280  Shematic.o [1]
  .rodata                const    0x080216b0    0x280  Shematic.o [1]
  .text                  ro code  0x08021930    0x26c  menu_main.o [1]
  .rodata                const    0x08021b9c    0x264  menu_configuration.o [1]
  .text                  ro code  0x08021e00    0x22c  menu_level_password.o [1]
  .rodata                const    0x0802202c    0x220  menu_main.o [1]
  .text                  ro code  0x0802224c    0x210  menu_choose_settings_logical_nodes.o [1]
  .text                  ro code  0x0802245c    0x1f0  menu_setting_language.o [1]
  .text                  ro code  0x0802264c    0x1d4  protections.o [1]
  .text                  ro code  0x08022820     0x80  protections.o [1]
  .text                  ro code  0x080228a0     0x9c  protections.o [1]
  .text                  ro code  0x0802293c    0x188  protections.o [1]
  .text                  ro code  0x08022ac4     0x46  I64ToFlt.o [5]
  .text                  ro code  0x08022b0c     0xd8  FltMul.o [5]
  .text                  ro code  0x08022be4     0xfc  FltDiv.o [5]
  .text                  ro code  0x08022ce0     0x24  FltToU32.o [5]
  .text                  ro code  0x08022d04     0x32  protections.o [1]
  .text                  ro code  0x08022d38     0x3c  protections.o [1]
  .text                  ro code  0x08022d74    0x12c  protections.o [1]
  .rodata                const    0x08022ea0    0x1c0  start_settings.o [1]
  .rodata                const    0x08023060    0x154  menu_output_led.o [1]
  .text                  ro code  0x080231b4    0x124  system_stm32f2xx.o [1]
  .text                  ro code  0x080232d8    0x120  usbd_cdc_vcp.o [1]
  .rodata                const    0x080233f8    0x110  menu_choose_communication_parameters.o [1]
  .rodata                const    0x08023508    0x110  menu_level_password.o [1]
  .text                  ro code  0x08023618     0xe4  usbd_desc.o [1]
  .rodata                const    0x080236fc     0xcc  menu_alarm.o [1]
  .rodata                const    0x080237c8     0xcc  menu_choose_communication_parameters.o [1]
  .rodata                const    0x08023894     0xcc  menu_choose_communication_parameters.o [1]
  .rodata                const    0x08023960     0xcc  menu_choose_settings_logical_nodes.o [1]
  .rodata                const    0x08023a2c     0xcc  menu_group_alarm.o [1]
  .rodata                const    0x08023af8     0xcc  menu_list_settings_bios.o [1]
  .rodata                const    0x08023bc4     0xa0  Shematic.o [1]
  .text                  ro code  0x08023c64     0x9c  menu_registrators.o [1]
  .rodata                const    0x08023d00     0x8c  main.o [1]
  .rodata                const    0x08023d8c     0x88  menu_choose_communication_parameters.o [1]
  .rodata                const    0x08023e14     0x88  menu_choose_settings_logical_nodes.o [1]
  .rodata                const    0x08023e9c     0x88  menu_group_alarm.o [1]
  .rodata                const    0x08023f24     0x88  menu_info.o [1]
  .rodata                const    0x08023fac     0x88  menu_input.o [1]
  .rodata                const    0x08024034     0x88  menu_labels.o [1]
  .rodata                const    0x080240bc     0x88  menu_list_settings_bios.o [1]
  .rodata                const    0x08024144     0x88  menu_output_led.o [1]
  .rodata                const    0x080241cc     0x88  menu_output_led.o [1]
  .rodata                const    0x08024254     0x88  menu_output_led.o [1]
  .rodata                const    0x080242dc     0x88  menu_registrators.o [1]
  .rodata                const    0x08024364     0x88  menu_state_inputs_outputs.o [1]
  .rodata                const    0x080243ec     0x88  menu_timer.o [1]
  .rodata                const    0x08024474     0x88  menu_ver2.o [1]
  .rodata                const    0x080244fc     0x88  menu_ver2.o [1]
  .rodata                const    0x08024584     0x80  driver_lcd.o [1]
  .rodata                const    0x08024604     0x80  main.o [1]
  .rodata                const    0x08024684     0x80  start_settings.o [1]
  .rodata                const    0x08024704     0x80  start_settings.o [1]
  .rodata                const    0x08024784     0x78  menu_choose_communication_parameters.o [1]
  .text                  ro code  0x080247fc     0x60  low_level_init.o [1]
  .rodata                const    0x0802485c     0x58  menu_view_measurement.o [1]
  .rodata                const    0x080248b4     0x50  prtTmr.o [1]
  .rodata                const    0x08024904     0x50  Shematic.o [1]
  .rodata                const    0x08024954     0x44  main.o [1]
  .rodata                const    0x08024998     0x44  menu_alarm.o [1]
  .rodata                const    0x080249dc     0x44  menu_alarm.o [1]
  .rodata                const    0x08024a20     0x44  menu_alarm.o [1]
  .rodata                const    0x08024a64     0x44  menu_alarm.o [1]
  .rodata                const    0x08024aa8     0x44  menu_alarm.o [1]
  .rodata                const    0x08024aec     0x44  menu_alarm.o [1]
  .rodata                const    0x08024b30     0x44  menu_choose_communication_parameters.o [1]
  .rodata                const    0x08024b74     0x44  menu_choose_communication_parameters.o [1]
  .rodata                const    0x08024bb8     0x44  menu_choose_communication_parameters.o [1]
  .rodata                const    0x08024bfc     0x44  menu_choose_communication_parameters.o [1]
  .rodata                const    0x08024c40     0x44  menu_choose_communication_parameters.o [1]
  .rodata                const    0x08024c84     0x44  menu_choose_communication_parameters.o [1]
  .rodata                const    0x08024cc8     0x44  menu_choose_communication_parameters.o [1]
  .rodata                const    0x08024d0c     0x44  menu_choose_communication_parameters.o [1]
  .rodata                const    0x08024d50     0x44  menu_choose_communication_parameters.o [1]
  .rodata                const    0x08024d94     0x44  menu_choose_communication_parameters.o [1]
  .rodata                const    0x08024dd8     0x44  menu_choose_communication_parameters.o [1]
  .rodata                const    0x08024e1c     0x44  menu_choose_communication_parameters.o [1]
  .rodata                const    0x08024e60     0x44  menu_choose_communication_parameters.o [1]
  .rodata                const    0x08024ea4     0x44  menu_choose_communication_parameters.o [1]
  .rodata                const    0x08024ee8     0x44  menu_choose_communication_parameters.o [1]
  .rodata                const    0x08024f2c     0x44  menu_choose_communication_parameters.o [1]
  .rodata                const    0x08024f70     0x44  menu_choose_communication_parameters.o [1]
  .rodata                const    0x08024fb4     0x44  menu_choose_communication_parameters.o [1]
  .rodata                const    0x08024ff8     0x44  menu_choose_settings_logical_nodes.o [1]
  .rodata                const    0x0802503c     0x44  menu_choose_settings_logical_nodes.o [1]
  .rodata                const    0x08025080     0x44  menu_configuration.o [1]
  .rodata                const    0x080250c4     0x44  menu_configuration.o [1]
  .rodata                const    0x08025108     0x44  menu_configuration.o [1]
  .rodata                const    0x0802514c     0x44  menu_group_alarm.o [1]
  .rodata                const    0x08025190     0x44  menu_group_alarm.o [1]
  .rodata                const    0x080251d4     0x44  menu_group_alarm.o [1]
  .rodata                const    0x08025218     0x44  menu_group_alarm.o [1]
  .rodata                const    0x0802525c     0x44  menu_group_alarm.o [1]
  .rodata                const    0x080252a0     0x44  menu_group_alarm.o [1]
  .rodata                const    0x080252e4     0x44  menu_group_alarm.o [1]
  .rodata                const    0x08025328     0x44  menu_group_alarm.o [1]
  .rodata                const    0x0802536c     0x44  menu_group_alarm.o [1]
  .rodata                const    0x080253b0     0x44  menu_input.o [1]
  .rodata                const    0x080253f4     0x44  menu_input.o [1]
  .rodata                const    0x08025438     0x44  menu_input.o [1]
  .rodata                const    0x0802547c     0x44  menu_input.o [1]
  .rodata                const    0x080254c0     0x44  menu_input.o [1]
  .rodata                const    0x08025504     0x44  menu_input.o [1]
  .rodata                const    0x08025548     0x44  menu_level_password.o [1]
  .rodata                const    0x0802558c     0x44  menu_level_password.o [1]
  .rodata                const    0x080255d0     0x44  menu_level_password.o [1]
  .rodata                const    0x08025614     0x44  menu_list_logical_nodes.o [1]
  .rodata                const    0x08025658     0x44  menu_list_logical_nodes.o [1]
  .rodata                const    0x0802569c     0x44  menu_list_logical_nodes.o [1]
  .rodata                const    0x080256e0     0x44  menu_list_logical_nodes.o [1]
  .rodata                const    0x08025724     0x44  menu_list_logical_nodes.o [1]
  .rodata                const    0x08025768     0x44  menu_list_logical_nodes.o [1]
  .rodata                const    0x080257ac     0x44  menu_list_logical_nodes.o [1]
  .rodata                const    0x080257f0     0x44  menu_list_logical_nodes.o [1]
  .rodata                const    0x08025834     0x44  menu_list_logical_nodes.o [1]
  .rodata                const    0x08025878     0x44  menu_list_logical_nodes.o [1]
  .rodata                const    0x080258bc     0x44  menu_list_logical_nodes.o [1]
  .rodata                const    0x08025900     0x44  menu_list_logical_nodes.o [1]
  .rodata                const    0x08025944     0x44  menu_list_settings.o [1]
  .rodata                const    0x08025988     0x44  menu_list_settings.o [1]
  .rodata                const    0x080259cc     0x44  menu_meander.o [1]
  .rodata                const    0x08025a10     0x44  menu_meander.o [1]
  .rodata                const    0x08025a54     0x44  menu_meander.o [1]
  .rodata                const    0x08025a98     0x44  menu_output_led.o [1]
  .rodata                const    0x08025adc     0x44  menu_output_led.o [1]
  .rodata                const    0x08025b20     0x44  menu_output_led.o [1]
  .rodata                const    0x08025b64     0x44  menu_output_led.o [1]
  .rodata                const    0x08025ba8     0x44  menu_output_led.o [1]
  .rodata                const    0x08025bec     0x44  menu_setting_language.o [1]
  .rodata                const    0x08025c30     0x44  menu_setting_language.o [1]
  .rodata                const    0x08025c74     0x44  menu_setting_language.o [1]
  .rodata                const    0x08025cb8     0x44  menu_setting_language.o [1]
  .rodata                const    0x08025cfc     0x44  menu_time.o [1]
  .rodata                const    0x08025d40     0x44  menu_time.o [1]
  .rodata                const    0x08025d84     0x44  menu_time.o [1]
  .rodata                const    0x08025dc8     0x44  menu_timer.o [1]
  .rodata                const    0x08025e0c     0x44  menu_timer.o [1]
  .rodata                const    0x08025e50     0x44  menu_ver2.o [1]
  .rodata                const    0x08025e94     0x44  menu_ver2.o [1]
  .rodata                const    0x08025ed8     0x40  menu_choose_communication_parameters.o [1]
  .text                  ro code  0x08025f18     0x40  stm32f2xx_it.o [1]
  .text                  ro code  0x08025f58     0x40  zero_init3.o [6]
  .rodata                const    0x08025f98     0x34  menu_param_list_logical_nodes.o [1]
  .rodata                const    0x08025fcc     0x34  menu_param_list_logical_nodes.o [1]
  .rodata                const    0x08026000     0x34  procedures.o [1]
  .rodata                const    0x08026034     0x30  menu_alarm.o [1]
  .rodata                const    0x08026064     0x28  Shematic.o [1]
  .text                  ro code  0x0802608c     0x28  data_init.o [6]
  .rodata                const    0x080260b4     0x24  menu_info.o [1]
  .rodata                const    0x080260d8     0x24  menu_labels.o [1]
  .rodata                const    0x080260fc     0x24  menu_state_inputs_outputs.o [1]
  .rodata                const    0x08026120     0x24  procedures.o [1]
  .iar.init_table        const    0x08026144     0x24  - Linker created -
  .rodata                const    0x08026168     0x20  menu_choose_communication_parameters.o [1]
  .rodata                const    0x08026188     0x20  menu_group_alarm.o [1]
  .rodata                const    0x080261a8     0x20  menu_input.o [1]
  .rodata                const    0x080261c8     0x20  menu_labels.o [1]
  .rodata                const    0x080261e8     0x20  menu_output_led.o [1]
  .rodata                const    0x08026208     0x20  menu_output_led.o [1]
  .rodata                const    0x08026228     0x20  menu_output_led.o [1]
  .text                  ro code  0x08026248     0x20  cmain_call_ctors.o [6]
  .rodata                const    0x08026268     0x1c  menu_choose_communication_parameters.o [1]
  .rodata                const    0x08026284     0x1c  SEGGER_SYSVIEW_Config_NoOS.o [1]
  .text                  ro code  0x080262a0     0x1a  cmain.o [6]
  .text                  ro code  0x080262ba      0x4  exit.o [3]
  .text                  ro code  0x080262c0      0xe  cexit.o [6]
  .rodata                const    0x080262d0     0x18  menu_choose_communication_parameters.o [1]
  .rodata                const    0x080262e8     0x14  main.o [1]
  .rodata                const    0x080262fc     0x14  menu_info.o [1]
  .rodata                const    0x08026310     0x14  menu_view_measurement.o [1]
  .rodata                const    0x08026324     0x14  SEGGER_SYSVIEW_Config_NoOS.o [1]
  .rodata                const    0x08026338     0x14  SEGGER_SYSVIEW_Config_NoOS.o [1]
  .rodata                const    0x0802634c     0x14  SEGGER_SYSVIEW_Config_NoOS.o [1]
  .rodata                const    0x08026360     0x10  menu_choose_communication_parameters.o [1]
  .rodata                const    0x08026370     0x10  menu_choose_communication_parameters.o [1]
  .rodata                const    0x08026380     0x10  menu_choose_communication_parameters.o [1]
  .rodata                const    0x08026390     0x10  menu_group_alarm.o [1]
  .rodata                const    0x080263a0     0x10  menu_list_logical_nodes.o [1]
  .rodata                const    0x080263b0     0x10  menu_list_logical_nodes.o [1]
  .rodata                const    0x080263c0     0x10  menu_list_logical_nodes.o [1]
  .rodata                const    0x080263d0     0x10  menu_list_logical_nodes.o [1]
  .rodata                const    0x080263e0     0x10  menu_list_logical_nodes.o [1]
  .rodata                const    0x080263f0     0x10  menu_list_logical_nodes.o [1]
  .rodata                const    0x08026400     0x10  menu_list_logical_nodes.o [1]
  .rodata                const    0x08026410     0x10  menu_list_logical_nodes.o [1]
  .rodata                const    0x08026420     0x10  menu_list_logical_nodes.o [1]
  .rodata                const    0x08026430     0x10  menu_list_logical_nodes.o [1]
  .rodata                const    0x08026440     0x10  menu_list_logical_nodes.o [1]
  .rodata                const    0x08026450     0x10  menu_list_logical_nodes.o [1]
  .rodata                const    0x08026460     0x10  menu_output_led.o [1]
  .rodata                const    0x08026470     0x10  menu_output_led.o [1]
  .rodata                const    0x08026480     0x10  menu_output_led.o [1]
  .rodata                const    0x08026490     0x10  menu_setting_language.o [1]
  .rodata                const    0x080264a0     0x10  SEGGER_SYSVIEW_Config_NoOS.o [1]
  .rodata                const    0x080264b0     0x10  SEGGER_SYSVIEW_Config_NoOS.o [1]
  .rodata                const    0x080264c0     0x10  SEGGER_SYSVIEW_Config_NoOS.o [1]
  .rodata                const    0x080264d0     0x10  SEGGER_SYSVIEW_Config_NoOS.o [1]
  .rodata                const    0x080264e0     0x10  SEGGER_SYSVIEW_Config_NoOS.o [1]
  .rodata                const    0x080264f0     0x10  SEGGER_SYSVIEW_Config_NoOS.o [1]
  .rodata                const    0x08026500     0x10  SEGGER_SYSVIEW_Config_NoOS.o [1]
  .rodata                const    0x08026510     0x10  SEGGER_SYSVIEW_Config_NoOS.o [1]
  .rodata                const    0x08026520     0x10  SEGGER_SYSVIEW_Config_NoOS.o [1]
  .rodata                const    0x08026530     0x10  usbd_desc.o [1]
  .rodata                const    0x08026540     0x10  usbd_desc.o [1]
  .rodata                const    0x08026550     0x10  usbd_desc.o [1]
  .rodata                const    0x08026560     0x10  usbd_desc.o [1]
  .text                  ro code  0x08026570     0x10  startup_stm32f2xx.o [1]
  .rodata                const    0x08026580      0xc  main.o [1]
  .rodata                const    0x0802658c      0xc  menu_info.o [1]
  .rodata                const    0x08026598      0xc  menu_info.o [1]
  .rodata                const    0x080265a4      0xc  menu_ver2.o [1]
  .rodata                const    0x080265b0      0xc  modbus.o [1]
  .rodata                const    0x080265bc      0xc  modbus.o [1]
  .rodata                const    0x080265c8      0xc  procedures.o [1]
  .rodata                const    0x080265d4      0xc  SEGGER_RTT.o [1]
  .rodata                const    0x080265e0      0xc  SEGGER_SYSVIEW_Config_NoOS.o [1]
  .rodata                const    0x080265ec      0xc  SEGGER_SYSVIEW_Config_NoOS.o [1]
  .rodata                const    0x080265f8      0xc  SEGGER_SYSVIEW_Config_NoOS.o [1]
  .rodata                const    0x08026604      0xc  usbd_desc.o [1]
  .rodata                const    0x08026610      0xc  usbd_desc.o [1]
  .text                  ro code  0x0802661c      0xc  cstartup_M.o [6]
  .rodata                const    0x08026628      0x8  main.o [1]
  .rodata                const    0x08026630      0x8  main.o [1]
  .rodata                const    0x08026638      0x8  menu_input.o [1]
  .rodata                const    0x08026640      0x8  menu_ver2.o [1]
  .rodata                const    0x08026648      0x8  SEGGER_RTT.o [1]
  .rodata                const    0x08026650      0x8  SEGGER_SYSVIEW.o [1]
  .rodata                const    0x08026658      0x4  menu_ver2.o [1]
  .rodata                const    0x0802665c      0x4  menu_ver2.o [1]
  .rodata                const    0x08026660      0x4  menu_ver2.o [1]
  .rodata                const    0x08026664      0x4  menu_ver2.o [1]
  .text                  ro code  0x08026668      0x4  startup_stm32f2xx.o [1]
  .text                  ro code  0x0802666c      0x4  startup_stm32f2xx.o [1]
  .text                  ro code  0x08026670      0x4  startup_stm32f2xx.o [1]
  .text                  ro code  0x08026674      0x4  startup_stm32f2xx.o [1]
  .text                  ro code  0x08026678      0x4  startup_stm32f2xx.o [1]
  .text                  ro code  0x0802667c      0x4  startup_stm32f2xx.o [1]
  .text                  ro code  0x08026680      0x4  startup_stm32f2xx.o [1]
  .text                  ro code  0x08026684      0x4  startup_stm32f2xx.o [1]
  .text                  ro code  0x08026688      0x4  startup_stm32f2xx.o [1]
  .text                  ro code  0x0802668c      0x4  startup_stm32f2xx.o [1]
  .text                  ro code  0x08026690      0x4  startup_stm32f2xx.o [1]
  .text                  ro code  0x08026694      0x4  startup_stm32f2xx.o [1]
  .text                  ro code  0x08026698      0x4  startup_stm32f2xx.o [1]
  .text                  ro code  0x0802669c      0x4  startup_stm32f2xx.o [1]
  .text                  ro code  0x080266a0      0x4  startup_stm32f2xx.o [1]
  .text                  ro code  0x080266a4      0x4  startup_stm32f2xx.o [1]
  .text                  ro code  0x080266a8      0x4  startup_stm32f2xx.o [1]
  .text                  ro code  0x080266ac      0x4  startup_stm32f2xx.o [1]
  .text                  ro code  0x080266b0      0x4  startup_stm32f2xx.o [1]
  .text                  ro code  0x080266b4      0x4  startup_stm32f2xx.o [1]
  .text                  ro code  0x080266b8      0x4  startup_stm32f2xx.o [1]
  .text                  ro code  0x080266bc      0x4  startup_stm32f2xx.o [1]
  .text                  ro code  0x080266c0      0x4  startup_stm32f2xx.o [1]
  .text                  ro code  0x080266c4      0x4  startup_stm32f2xx.o [1]
  .text                  ro code  0x080266c8      0x4  startup_stm32f2xx.o [1]
  .text                  ro code  0x080266cc      0x4  startup_stm32f2xx.o [1]
  .text                  ro code  0x080266d0      0x4  startup_stm32f2xx.o [1]
  .text                  ro code  0x080266d4      0x4  startup_stm32f2xx.o [1]
  .text                  ro code  0x080266d8      0x4  startup_stm32f2xx.o [1]
  .text                  ro code  0x080266dc      0x4  startup_stm32f2xx.o [1]
  .text                  ro code  0x080266e0      0x4  startup_stm32f2xx.o [1]
  .text                  ro code  0x080266e4      0x4  startup_stm32f2xx.o [1]
  .text                  ro code  0x080266e8      0x4  startup_stm32f2xx.o [1]
  .text                  ro code  0x080266ec      0x4  startup_stm32f2xx.o [1]
  .text                  ro code  0x080266f0      0x4  startup_stm32f2xx.o [1]
  .text                  ro code  0x080266f4      0x4  startup_stm32f2xx.o [1]
  .text                  ro code  0x080266f8      0x4  startup_stm32f2xx.o [1]
  .text                  ro code  0x080266fc      0x4  startup_stm32f2xx.o [1]
  .text                  ro code  0x08026700      0x4  startup_stm32f2xx.o [1]
  .text                  ro code  0x08026704      0x4  startup_stm32f2xx.o [1]
  .text                  ro code  0x08026708      0x4  startup_stm32f2xx.o [1]
  .text                  ro code  0x0802670c      0x4  startup_stm32f2xx.o [1]
  .text                  ro code  0x08026710      0x4  startup_stm32f2xx.o [1]
  .text                  ro code  0x08026714      0x4  startup_stm32f2xx.o [1]
  .text                  ro code  0x08026718      0x4  startup_stm32f2xx.o [1]
  .text                  ro code  0x0802671c      0x4  startup_stm32f2xx.o [1]
  .text                  ro code  0x08026720      0x4  startup_stm32f2xx.o [1]
  .text                  ro code  0x08026724      0x4  startup_stm32f2xx.o [1]
  .text                  ro code  0x08026728      0x4  startup_stm32f2xx.o [1]
  .text                  ro code  0x0802672c      0x4  startup_stm32f2xx.o [1]
  .text                  ro code  0x08026730      0x4  startup_stm32f2xx.o [1]
  .text                  ro code  0x08026734      0x4  startup_stm32f2xx.o [1]
  .text                  ro code  0x08026738      0x4  startup_stm32f2xx.o [1]
  .text                  ro code  0x0802673c      0x4  startup_stm32f2xx.o [1]
  .text                  ro code  0x08026740      0x4  startup_stm32f2xx.o [1]
  .text                  ro code  0x08026744      0x4  startup_stm32f2xx.o [1]
  .text                  ro code  0x08026748      0x4  startup_stm32f2xx.o [1]
  .text                  ro code  0x0802674c      0x4  startup_stm32f2xx.o [1]
  .text                  ro code  0x08026750      0x4  startup_stm32f2xx.o [1]
  .text                  ro code  0x08026754      0x4  startup_stm32f2xx.o [1]
  .text                  ro code  0x08026758      0x4  startup_stm32f2xx.o [1]
  .text                  ro code  0x0802675c      0x4  startup_stm32f2xx.o [1]
  .text                  ro code  0x08026760      0x4  startup_stm32f2xx.o [1]
  .text                  ro code  0x08026764      0x4  startup_stm32f2xx.o [1]
  .text                  ro code  0x08026768      0x4  startup_stm32f2xx.o [1]
  .text                  ro code  0x0802676c      0x4  startup_stm32f2xx.o [1]
  .text                  ro code  0x08026770      0x4  startup_stm32f2xx.o [1]
  SHT$$PREINIT_ARRAY              0x08026774      0x0  <Block>
  SHT$$INIT_ARRAY                 0x08026774      0x4  <Block>
    .init_array          const    0x08026774      0x4  Shematic.o [1]
  .text                  ro code  0x08026778      0x0  cstart_call_dtors.o [6]
  .rodata                const    0x08026778      0x0  zero_init3.o [6]
  .rodata                const    0x08026778      0x0  lz77_init_single.o [6]
  Initializer bytes      const    0x08026778    0x21c  <for P2-1>
                                - 0x08026994  0x26810

"A2":                                             0x2
  .checksum              const    0x080ffffe      0x2  Place holder __checksum
                                - 0x08100000      0x2

"P2", part 1 of 3:                             0x426e
  P2-1                            0x20000000   0x426e  <Init block>
    NonZeroIniVars_RAM1  inited   0x20000000      0x8  Shematic.o [1]
    .data                inited   0x20000008      0x4  main.o [1]
    .data                inited   0x2000000c      0x4  main.o [1]
    .data                inited   0x20000010      0x4  main.o [1]
    .data                inited   0x20000014      0x4  main.o [1]
    .data                inited   0x20000018      0x4  main.o [1]
    .data                inited   0x2000001c      0x4  main.o [1]
    .data                inited   0x20000020      0x4  main.o [1]
    .data                inited   0x20000024      0x4  main.o [1]
    .data                inited   0x20000028      0x4  main.o [1]
    .data                inited   0x2000002c      0x4  main.o [1]
    .data                inited   0x20000030      0x4  main.o [1]
    .data                inited   0x20000034      0x4  main.o [1]
    .data                inited   0x20000038     0x10  prtTmr.o [1]
    .data                inited   0x20000048     0x28  Shematic.o [1]
    .data                inited   0x20000070     0x38  Shematic.o [1]
    .data                inited   0x200000a8     0x14  Shematic.o [1]
    .data                inited   0x200000bc     0x10  stm32f2xx_rcc.o [1]
    .data                inited   0x200000cc      0x4  system_stm32f2xx.o [1]
    .data                inited   0x200000d0      0x4  usbd_cdc_core.o [1]
    .data                inited   0x200000d4     0x2c  usbd_cdc_core.o [1]
    .data                inited   0x20000100     0x44  usbd_cdc_core.o [1]
    .data                inited   0x20000144      0x8  usbd_cdc_vcp.o [1]
    .data                inited   0x2000014c     0x14  usbd_cdc_vcp.o [1]
    .data                inited   0x20000160     0x2c  usbd_core.o [1]
    .data                inited   0x2000018c      0x4  usbd_core.o [1]
    .data                inited   0x20000190     0x1c  usbd_desc.o [1]
    .data                inited   0x200001ac     0x14  usbd_desc.o [1]
    .data                inited   0x200001c0      0x4  usbd_desc.o [1]
    .data                inited   0x200001c4     0x1c  usbd_usr.o [1]
    NonZeroIniVars_RAM1  inited   0x200001e0   0x4000  Shematic.o [1]
    __DLIB_PERTHREAD     inited   0x200041e0     0x8c  rand.o [3]
    .data                inited   0x2000426c      0x1  prtTmr.o [1]
    .data                inited   0x2000426d      0x1  Shematic.o [1]
                                - 0x2000426e   0x426e

"P2", part 2 of 3:                              0x18c
  .iar.dynexit                    0x20004270    0x18c  <Block>
    .iar.dynexit         uninit   0x20004270      0xc  cppinit.o [3]
    .iar.dynexit         uninit   0x2000427c    0x180  <Block tail>
                                - 0x200043fc    0x18c

"P2", part 3 of 3:                             0xa908
  .bss                   zero     0x200043fc   0x4028  SEGGER_SYSVIEW.o [1]
  .bss                   zero     0x20008424   0x1900  main.o [1]
  .bss                   zero     0x20009d24    0xc80  main.o [1]
  .bss                   zero     0x2000a9a4    0xc80  Shematic.o [1]
  .bss                   zero     0x2000b624    0x800  usbd_cdc_core.o [1]
  .bss                   zero     0x2000be24    0x5f4  main.o [1]
  ZeroInivars_RAM1       zero     0x2000c418    0x4b0  Shematic.o [1]
  .bss                   zero     0x2000c8c8    0x400  main.o [1]
  .bss                   zero     0x2000ccc8    0x400  SEGGER_RTT.o [1]
  .bss                   zero     0x2000d0c8    0x280  main.o [1]
  .bss                   zero     0x2000d348    0x280  main.o [1]
  .bss                   zero     0x2000d5c8    0x20c  main.o [1]
  .bss                   zero     0x2000d7d4    0x20c  main.o [1]
  .bss                   zero     0x2000d9e0    0x20c  main.o [1]
  .bss                   zero     0x2000dbec    0x1d8  dlmalloc.o [3]
  .bss                   zero     0x2000ddc4    0x104  main.o [1]
  .bss                   zero     0x2000dec8    0x104  main.o [1]
  .bss                   zero     0x2000dfcc    0x104  main.o [1]
  .bss                   zero     0x2000e0d0    0x100  main.o [1]
  .bss                   zero     0x2000e1d0    0x100  main.o [1]
  .bss                   zero     0x2000e2d0    0x100  main.o [1]
  .bss                   zero     0x2000e3d0    0x100  usbd_req.o [1]
  .bss                   zero     0x2000e4d0     0x80  main.o [1]
  .bss                   zero     0x2000e550     0x80  main.o [1]
  .bss                   zero     0x2000e5d0     0x80  main.o [1]
  .bss                   zero     0x2000e650     0x78  SEGGER_RTT.o [1]
  .bss                   zero     0x2000e6c8     0x3c  eeprom_rtc.o [1]
  .bss                   zero     0x2000e708     0x50  main.o [1]
  .bss                   zero     0x2000e758     0x40  usbd_cdc_core.o [1]
  .bss                   zero     0x2000e798     0x3c  main.o [1]
  .bss                   zero     0x2000e7d4     0x3c  main.o [1]
  .bss                   zero     0x2000e810     0x3c  main.o [1]
  .bss                   zero     0x2000e84c     0x30  main.o [1]
  .bss                   zero     0x2000e87c     0x30  main.o [1]
  .bss                   zero     0x2000e8ac     0x30  main.o [1]
  .bss                   zero     0x2000e8dc     0x28  main.o [1]
  .bss                   zero     0x2000e904     0x14  eeprom_rtc.o [1]
  .bss                   zero     0x2000e918     0x28  main.o [1]
  .bss                   zero     0x2000e940     0x28  main.o [1]
  .bss                   zero     0x2000e968     0x20  main.o [1]
  .bss                   zero     0x2000e988     0x20  main.o [1]
  .bss                   zero     0x2000e9a8     0x20  main.o [1]
  .bss                   zero     0x2000e9c8     0x18  dlmalloc.o [3]
  .bss                   zero     0x2000e9e0     0x14  main.o [1]
  .bss                   zero     0x2000e9f4     0x14  main.o [1]
  .bss                   zero     0x2000ea08     0x14  main.o [1]
  .bss                   zero     0x2000ea1c     0x14  main.o [1]
  .bss                   zero     0x2000ea30     0x14  main.o [1]
  .bss                   zero     0x2000ea44     0x14  main.o [1]
  .bss                   zero     0x2000ea58     0x14  main.o [1]
  .bss                   zero     0x2000ea6c     0x14  main.o [1]
  .bss                   zero     0x2000ea80     0x14  main.o [1]
  .bss                   zero     0x2000ea94     0x10  main.o [1]
  .bss                   zero     0x2000eaa4     0x10  SEGGER_RTT.o [1]
  .bss                   zero     0x2000eab4      0xc  eeprom_rtc.o [1]
  .bss                   zero     0x2000eac0      0xc  main.o [1]
  .bss                   zero     0x2000eacc      0xc  main.o [1]
  .bss                   zero     0x2000ead8      0xc  main.o [1]
  .bss                   zero     0x2000eae4      0xc  main.o [1]
  .bss                   zero     0x2000eaf0      0xc  main.o [1]
  .bss                   zero     0x2000eafc      0xc  main.o [1]
  .bss                   zero     0x2000eb08      0xc  menu_ver2.o [1]
  .bss                   zero     0x2000eb14      0x8  main.o [1]
  .bss                   zero     0x2000eb1c      0x8  usbd_cdc_core.o [1]
  .bss                   zero     0x2000eb24      0x4  eeprom_rtc.o [1]
  .bss                   zero     0x2000eb28      0x4  eeprom_rtc.o [1]
  .bss                   zero     0x2000eb2c      0x4  eeprom_rtc.o [1]
  .bss                   zero     0x2000eb30      0x4  eeprom_rtc.o [1]
  .bss                   zero     0x2000eb34      0x4  eeprom_rtc.o [1]
  .bss                   zero     0x2000eb38      0x4  eeprom_rtc.o [1]
  .bss                   zero     0x2000eb3c      0x4  eeprom_rtc.o [1]
  .bss                   zero     0x2000eb40      0x4  eeprom_rtc.o [1]
  .bss                   zero     0x2000eb44      0x4  eeprom_rtc.o [1]
  .bss                   zero     0x2000eb48      0x4  eeprom_rtc.o [1]
  .bss                   zero     0x2000eb4c      0x4  eeprom_rtc.o [1]
  .bss                   zero     0x2000eb50      0x4  eeprom_rtc.o [1]
  .bss                   zero     0x2000eb54      0x4  interrupts.o [1]
  .bss                   zero     0x2000eb58      0x4  main.o [1]
  .bss                   zero     0x2000eb5c      0x4  main.o [1]
  .bss                   zero     0x2000eb60      0x4  main.o [1]
  .bss                   zero     0x2000eb64      0x4  main.o [1]
  .bss                   zero     0x2000eb68      0x4  main.o [1]
  .bss                   zero     0x2000eb6c      0x4  main.o [1]
  .bss                   zero     0x2000eb70      0x4  main.o [1]
  .bss                   zero     0x2000eb74      0x4  main.o [1]
  .bss                   zero     0x2000eb78      0x4  main.o [1]
  .bss                   zero     0x2000eb7c      0x4  main.o [1]
  .bss                   zero     0x2000eb80      0x4  main.o [1]
  .bss                   zero     0x2000eb84      0x4  main.o [1]
  .bss                   zero     0x2000eb88      0x4  main.o [1]
  .bss                   zero     0x2000eb8c      0x4  main.o [1]
  .bss                   zero     0x2000eb90      0x4  main.o [1]
  .bss                   zero     0x2000eb94      0x4  main.o [1]
  .bss                   zero     0x2000eb98      0x4  main.o [1]
  .bss                   zero     0x2000eb9c      0x4  main.o [1]
  .bss                   zero     0x2000eba0      0x4  main.o [1]
  .bss                   zero     0x2000eba4      0x4  main.o [1]
  .bss                   zero     0x2000eba8      0x4  main.o [1]
  .bss                   zero     0x2000ebac      0x4  main.o [1]
  .bss                   zero     0x2000ebb0      0x4  main.o [1]
  .bss                   zero     0x2000ebb4      0x4  main.o [1]
  .bss                   zero     0x2000ebb8      0x4  main.o [1]
  .bss                   zero     0x2000ebbc      0x4  main.o [1]
  .bss                   zero     0x2000ebc0      0x4  main.o [1]
  .bss                   zero     0x2000ebc4      0x4  main.o [1]
  .bss                   zero     0x2000ebc8      0x4  main.o [1]
  .bss                   zero     0x2000ebcc      0x4  main.o [1]
  .bss                   zero     0x2000ebd0      0x4  main.o [1]
  .bss                   zero     0x2000ebd4      0x4  main.o [1]
  .bss                   zero     0x2000ebd8      0x4  main.o [1]
  .bss                   zero     0x2000ebdc      0x4  main.o [1]
  .bss                   zero     0x2000ebe0      0x4  main.o [1]
  .bss                   zero     0x2000ebe4      0x4  main.o [1]
  .bss                   zero     0x2000ebe8      0x4  main.o [1]
  .bss                   zero     0x2000ebec      0x4  main.o [1]
  .bss                   zero     0x2000ebf0      0x4  main.o [1]
  .bss                   zero     0x2000ebf4      0x4  main.o [1]
  .bss                   zero     0x2000ebf8      0x4  main.o [1]
  .bss                   zero     0x2000ebfc      0x4  main.o [1]
  .bss                   zero     0x2000ec00      0x4  main.o [1]
  .bss                   zero     0x2000ec04      0x4  main.o [1]
  .bss                   zero     0x2000ec08      0x4  main.o [1]
  .bss                   zero     0x2000ec0c      0x4  main.o [1]
  .bss                   zero     0x2000ec10      0x4  main.o [1]
  .bss                   zero     0x2000ec14      0x4  main.o [1]
  .bss                   zero     0x2000ec18      0x4  main.o [1]
  .bss                   zero     0x2000ec1c      0x4  main.o [1]
  .bss                   zero     0x2000ec20      0x4  main.o [1]
  .bss                   zero     0x2000ec24      0x4  main.o [1]
  .bss                   zero     0x2000ec28      0x4  main.o [1]
  .bss                   zero     0x2000ec2c      0x4  main.o [1]
  .bss                   zero     0x2000ec30      0x4  main.o [1]
  .bss                   zero     0x2000ec34      0x4  main.o [1]
  .bss                   zero     0x2000ec38      0x4  main.o [1]
  .bss                   zero     0x2000ec3c      0x4  main.o [1]
  .bss                   zero     0x2000ec40      0x4  main.o [1]
  .bss                   zero     0x2000ec44      0x4  main.o [1]
  .bss                   zero     0x2000ec48      0x4  main.o [1]
  .bss                   zero     0x2000ec4c      0x4  main.o [1]
  .bss                   zero     0x2000ec50      0x4  main.o [1]
  .bss                   zero     0x2000ec54      0x4  main.o [1]
  .bss                   zero     0x2000ec58      0x4  main.o [1]
  .bss                   zero     0x2000ec5c      0x4  main.o [1]
  .bss                   zero     0x2000ec60      0x4  main.o [1]
  .bss                   zero     0x2000ec64      0x4  main.o [1]
  .bss                   zero     0x2000ec68      0x4  main.o [1]
  .bss                   zero     0x2000ec6c      0x4  main.o [1]
  .bss                   zero     0x2000ec70      0x4  main.o [1]
  .bss                   zero     0x2000ec74      0x4  main.o [1]
  .bss                   zero     0x2000ec78      0x4  main.o [1]
  .bss                   zero     0x2000ec7c      0x4  main.o [1]
  .bss                   zero     0x2000ec80      0x4  main.o [1]
  .bss                   zero     0x2000ec84      0x4  measurement.o [1]
  .bss                   zero     0x2000ec88      0x4  menu_ver2.o [1]
  .bss                   zero     0x2000ec8c      0x4  menu_ver2.o [1]
  .bss                   zero     0x2000ec90      0x4  menu_ver2.o [1]
  .bss                   zero     0x2000ec94      0x4  protections.o [1]
  .bss                   zero     0x2000ec98      0x4  prtTmr.o [1]
  .bss                   zero     0x2000ec9c      0x4  prtTmr.o [1]
  .bss                   zero     0x2000eca0      0x4  prtTmr.o [1]
  .bss                   zero     0x2000eca4      0x4  prtTmr.o [1]
  .bss                   zero     0x2000eca8      0x4  prtTmr.o [1]
  .bss                   zero     0x2000ecac      0x4  prtTmr.o [1]
  .bss                   zero     0x2000ecb0      0x4  prtTmr.o [1]
  .bss                   zero     0x2000ecb4      0x4  Shematic.o [1]
  .bss                   zero     0x2000ecb8      0x4  usbd_cdc_core.o [1]
  .bss                   zero     0x2000ecbc      0x4  usbd_cdc_core.o [1]
  .bss                   zero     0x2000ecc0      0x4  usbd_cdc_core.o [1]
  .bss                   zero     0x2000ecc4      0x4  usbd_cdc_core.o [1]
  .bss                   zero     0x2000ecc8      0x4  usbd_cdc_core.o [1]
  .bss                   zero     0x2000eccc      0x4  usbd_cdc_core.o [1]
  .bss                   zero     0x2000ecd0      0x4  usbd_core.o [1]
  .bss                   zero     0x2000ecd4      0x4  usbd_req.o [1]
  .bss                   zero     0x2000ecd8      0x4  usbd_req.o [1]
  .bss                   zero     0x2000ecdc      0x4  usbd_req.o [1]
  .bss                   zero     0x2000ece0      0x4  cppinit.o [3]
  .bss                   zero     0x2000ece4      0x4  cppinit.o [3]
  .bss                   zero     0x2000ece8      0x4  xgetmemchunk.o [3]
  .bss                   zero     0x2000ecec      0x2  main.o [1]
  .bss                   zero     0x2000ecee      0x2  prtTmr.o [1]
  .bss                   zero     0x2000ecf0      0x2  Shematic.o [1]
  .bss                   zero     0x2000ecf2      0x1  eeprom_rtc.o [1]
  .bss                   zero     0x2000ecf3      0x1  eeprom_rtc.o [1]
  .bss                   zero     0x2000ecf4      0x1  eeprom_rtc.o [1]
  .bss                   zero     0x2000ecf5      0x1  eeprom_rtc.o [1]
  .bss                   zero     0x2000ecf6      0x1  main.o [1]
  .bss                   zero     0x2000ecf7      0x1  main.o [1]
  .bss                   zero     0x2000ecf8      0x1  main.o [1]
  .bss                   zero     0x2000ecf9      0x1  main.o [1]
  .bss                   zero     0x2000ecfa      0x1  main.o [1]
  .bss                   zero     0x2000ecfb      0x1  main.o [1]
  .bss                   zero     0x2000ecfc      0x1  main.o [1]
  .bss                   zero     0x2000ecfd      0x1  prtTmr.o [1]
  .bss                   zero     0x2000ecfe      0x1  prtTmr.o [1]
  .bss                   zero     0x2000ecff      0x1  prtTmr.o [1]
  .bss                   zero     0x2000ed00      0x1  Shematic.o [1]
  .bss                   zero     0x2000ed01      0x1  usbd_cdc_core.o [1]
  .bss                   zero     0x2000ed02      0x1  usbd_req.o [1]
                                - 0x2000ed03   0xa907

"A3":                                         0x10000
  CSTACK                          0x20010000   0x3000  <Block>
    CSTACK               uninit   0x20010000   0x3000  <Block tail>
  HEAP                            0x20013000   0xd000  <Block>
    HEAP                 uninit   0x20013000   0xd000  <Block tail>
                                - 0x20020000  0x10000

"P3":                                           0x7b5
  variables_RAM1         uninit   0x60000000    0x208  Shematic.o [1]
  variables_RAM1         uninit   0x60000208    0x100  main.o [1]
  variables_RAM1         uninit   0x60000308    0x100  main.o [1]
  variables_RAM1         uninit   0x60000408    0x100  main.o [1]
  variables_RAM1         uninit   0x60000508     0x80  main.o [1]
  variables_RAM1         uninit   0x60000588     0x70  main.o [1]
  variables_RAM1         uninit   0x600005f8     0x44  main.o [1]
  variables_RAM1         uninit   0x6000063c     0x3c  main.o [1]
  variables_RAM1         uninit   0x60000678     0x38  main.o [1]
  variables_RAM1         uninit   0x600006b0     0x38  main.o [1]
  variables_RAM1         uninit   0x600006e8     0x2c  main.o [1]
  variables_RAM1         uninit   0x60000714     0x20  main.o [1]
  variables_RAM1         uninit   0x60000734     0x10  main.o [1]
  variables_RAM1         uninit   0x60000744      0xc  main.o [1]
  variables_RAM1         uninit   0x60000750      0x8  main.o [1]
  variables_RAM1         uninit   0x60000758      0x8  main.o [1]
  variables_RAM1         uninit   0x60000760      0x8  main.o [1]
  variables_RAM1         uninit   0x60000768      0x4  main.o [1]
  variables_RAM1         uninit   0x6000076c      0x4  main.o [1]
  variables_RAM1         uninit   0x60000770      0x4  main.o [1]
  variables_RAM1         uninit   0x60000774      0x4  main.o [1]
  variables_RAM1         uninit   0x60000778      0x4  main.o [1]
  variables_RAM1         uninit   0x6000077c      0x2  main.o [1]
  variables_RAM1         uninit   0x6000077e      0x2  main.o [1]
  variables_RAM1         uninit   0x60000780      0x2  main.o [1]
  variables_RAM1         uninit   0x60000782      0x2  main.o [1]
  variables_RAM1         uninit   0x60000784      0x2  main.o [1]
  variables_RAM1         uninit   0x60000786      0x2  main.o [1]
  variables_RAM1         uninit   0x60000788      0x2  main.o [1]
  variables_RAM1         uninit   0x6000078a      0x2  main.o [1]
  variables_RAM1         uninit   0x6000078c      0x2  main.o [1]
  variables_RAM1         uninit   0x6000078e      0x2  main.o [1]
  variables_RAM1         uninit   0x60000790      0x2  main.o [1]
  variables_RAM1         uninit   0x60000792      0x2  main.o [1]
  variables_RAM1         uninit   0x60000794      0x2  main.o [1]
  variables_RAM1         uninit   0x60000796      0x2  main.o [1]
  variables_RAM1         uninit   0x60000798      0x2  main.o [1]
  variables_RAM1         uninit   0x6000079a      0x2  main.o [1]
  variables_RAM1         uninit   0x6000079c      0x2  main.o [1]
  variables_RAM1         uninit   0x6000079e      0x2  main.o [1]
  variables_RAM1         uninit   0x600007a0      0x2  main.o [1]
  variables_RAM1         uninit   0x600007a2      0x2  main.o [1]
  variables_RAM1         uninit   0x600007a4      0x2  main.o [1]
  variables_RAM1         uninit   0x600007a6      0x2  main.o [1]
  variables_RAM1         uninit   0x600007a8      0x2  main.o [1]
  variables_RAM1         uninit   0x600007aa      0x2  main.o [1]
  variables_RAM1         uninit   0x600007ac      0x2  main.o [1]
  variables_RAM1         uninit   0x600007ae      0x2  main.o [1]
  variables_RAM1         uninit   0x600007b0      0x2  main.o [1]
  variables_RAM1         uninit   0x600007b2      0x1  main.o [1]
  variables_RAM1         uninit   0x600007b3      0x1  main.o [1]
  variables_RAM1         uninit   0x600007b4      0x1  main.o [1]
                                - 0x600007b5    0x7b5


*******************************************************************************
*** INIT TABLE
***

          Address     Size
          -------     ----
Zero (__iar_zero_init3)
    1 destination range, total size 0xa907:
          0x200043fc  0xa907

Copy/lz77 (__iar_lz77_init_single3)
    1 source range, total size 0x21c (3% of destination):
          0x08026778   0x21c
    1 destination range, total size 0x426e:
          0x20000000  0x426e

Extra (__iar_cstart_call_ctors)



*******************************************************************************
*** MODULE SUMMARY
***

    Module                                  ro code  ro data  rw data
    ------                                  -------  -------  -------
G:\emb_pj\CS_Demo\demo3\cs_pr_a\Device-2.12.x.y\project files\v.12.x.y\Flash-Debug\Obj: [1]
    LUAnd_8_1.o                                  86
    LUBase.o                                    108
    LUDInput_0_1.o                               50
    LUDout_1_0.o                                 46
    LULed.o                                      46
    LUNot_1_1.o                                  70
    LUOr_8_1.o                                   70
    LUXor_8_1.o                                  70
    Mft.o                                       560
    SEGGER_RTT.o                                836       20    1 160
    SEGGER_SYSVIEW.o                          1 572        8   16 424
    SEGGER_SYSVIEW_Config_NoOS.o                204      268
    Shematic.o                                7 736    2 088   21 436
    driver_lcd.o                              1 588      128
    driver_serial_dataflash.o                 2 412
    eeprom_rtc.o                              9 664               144
    fsmc_sram.o                                 828
    hw_config.o                                 442
    interfaces.o                                884
    interrupts.o                              5 728                 4
    low_level_init.o                            172
    main.o                                    1 680      385   19 638
    measurement.o                             2 628                 4
    menu_alarm.o                              1 916      660
    menu_choose_communication_parameters.o    4 252    2 356
    menu_choose_settings_logical_nodes.o        528      476
    menu_configuration.o                      1 784      816
    menu_diagnostyka.o                          672    6 120
    menu_group_alarm.o                        3 380    1 000
    menu_info.o                                 900      216
    menu_input.o                              1 796      584
    menu_labels.o                               676      204
    menu_level_password.o                       556      476
    menu_list_logical_nodes.o                   920    1 008
    menu_list_settings.o                        960      816
    menu_list_settings_bios.o                   724      340
    menu_main.o                                 620      544
    menu_meander.o                            1 076      204
    menu_output_led.o                         2 012    1 232
    menu_param_list_logical_nodes.o             992      988
    menu_registrators.o                         156      136
    menu_setting_language.o                     496      288
    menu_state_inputs_outputs.o                 608      172
    menu_time.o                               3 078      204
    menu_timer.o                              1 264      272
    menu_ver2.o                              11 516      462       24
    menu_view_measurement.o                   1 092      108
    misc.o                                      136
    modbus.o                                 10 610       24
    procedures.o                             10 628      100
    protections.o                             1 554                 4
    prtTmr.o                                  1 000       83       50
    start_settings.o                          7 208      704
    startup_stm32f2xx.o                         672
    stm32f2xx_dbgmcu.o                           36
    stm32f2xx_dma.o                             576
    stm32f2xx_exti.o                            204
    stm32f2xx_fsmc.o                            284
    stm32f2xx_gpio.o                            334
    stm32f2xx_i2c.o                             540
    stm32f2xx_it.o                               64
    stm32f2xx_rcc.o                             540        1       16
    stm32f2xx_spi.o                             192
    stm32f2xx_syscfg.o                           84
    stm32f2xx_tim.o                             696
    stm32f2xx_usart.o                           462
    system_stm32f2xx.o                          292                 4
    usb_bsp.o                                   176
    usb_core.o                                2 860
    usb_dcd.o                                   738
    usb_dcd_int.o                             1 658
    usbd_cdc_core.o                             856        4    2 261
    usbd_cdc_vcp.o                              288        1       28
    usbd_core.o                                 768        1       52
    usbd_desc.o                                 228       90       52
    usbd_ioreq.o                                228
    usbd_req.o                                1 730               269
    usbd_usr.o                                   14        1       28
    -----------------------------------------------------------------
    Total:                                  125 110   23 588   61 598

command line: [2]
    -----------------------------------------------------------------
    Total:

dl7M_tlf.a: [3]
    abort.o                                       6
    abs.o                                         8
    cppinit.o                                   148                20
    dlmalloc.o                                7 452               496
    exit.o                                        4
    rand.o                                      224        4      140
    srand.o                                      32
    xgetmemchunk.o                               44                 4
    xtls.o                                        2
    -----------------------------------------------------------------
    Total:                                    7 920        4      660

dlpp7M_tl_fe.a: [4]
    cxxabi.o                                     10
    -----------------------------------------------------------------
    Total:                                       10

m7M_tl.a: [5]
    FltDiv.o                                    252
    FltMul.o                                    216
    FltToU32.o                                   36
    I64ToFlt.o                                   70
    -----------------------------------------------------------------
    Total:                                      574

rt7M_tl.a: [6]
    ABImemcpy_unaligned.o                       118
    I64DivMod.o                                 306
    I64DivZer.o                                   2
    cexit.o                                      14
    cmain.o                                      26
    cmain_call_ctors.o                           32
    cstart_call_dtors.o
    cstartup_M.o                                 12
    data_init.o                                  40
    lz77_init_single.o                          118
    strcpy_unaligned.o                           68
    zero_init3.o                                 64
    -----------------------------------------------------------------
    Total:                                      800

shb_l.a: [7]
    exit.o                                       20
    time.o                                       18
    -----------------------------------------------------------------
    Total:                                       38

    Gaps                                         18        2        4
    Linker created                                        36   65 920
---------------------------------------------------------------------
    Grand Total:                            134 470   23 632  128 182


*******************************************************************************
*** ENTRY LIST
***

Entry                      Address    Size  Type      Object
-----                      -------    ----  ----      ------
.iar.dynexit$$Base      0x20004270           --   Gb  - Linker created -
.iar.dynexit$$Limit     0x200043fc           --   Gb  - Linker created -
.iar.init_table$$Base   0x08026144           --   Gb  - Linker created -
.iar.init_table$$Limit  0x08026168           --   Gb  - Linker created -
?main                   0x080262a1          Code  Gb  cmain.o [6]
ADCs_data               0x2000ea08    0x14  Data  Gb  main.o [1]
ADCs_data_raw           0x2000e8dc    0x28  Data  Gb  main.o [1]
AND_Op_8_1(void *)      0x08012387    0x2a  Code  Gb  LUAnd_8_1.o [1]
APBAHBPrescTable        0x200000bc    0x10  Data  Lc  stm32f2xx_rcc.o [1]
APP_Rx_Buffer           0x2000b624   0x800  Data  Gb  usbd_cdc_core.o [1]
APP_Rx_length           0x2000ecc4     0x4  Data  Gb  usbd_cdc_core.o [1]
APP_Rx_ptr_in           0x2000ecbc     0x4  Data  Gb  usbd_cdc_core.o [1]
APP_Rx_ptr_out          0x2000ecc0     0x4  Data  Gb  usbd_cdc_core.o [1]
AddCRC                  0x08013c99    0x3c  Code  Gb  modbus.o [1]
BusFault_Handler        0x08025f2f     0xa  Code  Gb  stm32f2xx_it.o [1]
CLUAnd_8_1::CLUAnd_8_1(char, char)
                        0x080123b1    0x1e  Code  Gb  LUAnd_8_1.o [1]
CLUAnd_8_1::~CLUAnd_8_1()
                        0x080123cf     0xe  Code  Gb  LUAnd_8_1.o [1]
CLUBase::CLUBase()      0x080122a1    0x34  Code  Gb  LUBase.o [1]
CLUBase::CLUBase() [subobject]
                        0x08012289     0xc  Code  Gb  LUBase.o [1]
CLUBase::SetOrderNumber()
                        0x080122d5    0x12  Code  Gb  LUBase.o [1]
CLUBase::~CLUBase()     0x080122ed     0x2  Code  Gb  LUBase.o [1]
CLUBase::~CLUBase() [subobject]
                        0x08012295     0xc  Code  Gb  LUBase.o [1]
CLUDInput_0_1::CLUDInput_0_1(char, char)
                        0x080122fb    0x1e  Code  Gb  LUDInput_0_1.o [1]
CLUDInput_0_1::~CLUDInput_0_1()
                        0x08012319     0xe  Code  Gb  LUDInput_0_1.o [1]
CLUDout_1_0::CLUDout_1_0(char, char)
                        0x08012329    0x1e  Code  Gb  LUDout_1_0.o [1]
CLUDout_1_0::~CLUDout_1_0()
                        0x08012347     0xe  Code  Gb  LUDout_1_0.o [1]
CLULed::CLULed(char, char)
                        0x08012359    0x1e  Code  Gb  LULed.o [1]
CLULed::~CLULed()       0x08012377     0xe  Code  Gb  LULed.o [1]
CLUNot_1_1::CLUNot_1_1(char, char)
                        0x0801246d    0x32  Code  Gb  LUNot_1_1.o [1]
CLUNot_1_1::~CLUNot_1_1()
                        0x080124a5     0xe  Code  Gb  LUNot_1_1.o [1]
CLUOr_8_1::CLUOr_8_1(char, char)
                        0x080123dd    0x32  Code  Gb  LUOr_8_1.o [1]
CLUOr_8_1::~CLUOr_8_1()
                        0x08012415     0xe  Code  Gb  LUOr_8_1.o [1]
CLUXor_8_1::CLUXor_8_1(char, char)
                        0x08012425    0x32  Code  Gb  LUXor_8_1.o [1]
CLUXor_8_1::~CLUXor_8_1()
                        0x0801245d     0xe  Code  Gb  LUXor_8_1.o [1]
CMft::CMft(char, char)  0x080124b5    0x60  Code  Gb  Mft.o [1]
CMft::LinkMftTimers()   0x0801262f    0x6c  Code  Gb  Mft.o [1]
CMft::TWorkMft(long, long)
                        0x080125c7    0x68  Code  Gb  Mft.o [1]
CMft::TdelayMft(long, long)
                        0x08012573    0x54  Code  Gb  Mft.o [1]
CMft::TpauseMft(long)   0x08012531    0x42  Code  Gb  Mft.o [1]
CMft::UpdateCMft()      0x08012523     0xe  Code  Gb  Mft.o [1]
CMft::~CMft()           0x08012515     0xe  Code  Gb  Mft.o [1]
CSTACK$$Base            0x20010000           --   Gb  - Linker created -
CSTACK$$Limit           0x20013000           --   Gb  - Linker created -
CmdBuff                 0x2000eb1c     0x8  Data  Gb  usbd_cdc_core.o [1]
Configure_I2C           0x0800689b   0x61a  Code  Gb  start_settings.o [1]
DBGMCU_APB1PeriphConfig
                        0x0800d149    0x1e  Code  Gb  stm32f2xx_dbgmcu.o [1]
DCD_EP_Close            0x08012f5d    0x4c  Code  Gb  usb_dcd.o [1]
DCD_EP_ClrStall         0x080130b9    0x4c  Code  Gb  usb_dcd.o [1]
DCD_EP_Open             0x08012edf    0x7e  Code  Gb  usb_dcd.o [1]
DCD_EP_PrepareRx        0x08012fa9    0x66  Code  Gb  usb_dcd.o [1]
DCD_EP_SetAddress       0x08013105    0x1a  Code  Gb  usb_dcd.o [1]
DCD_EP_Stall            0x0801306d    0x4c  Code  Gb  usb_dcd.o [1]
DCD_EP_Tx               0x0801300f    0x5e  Code  Gb  usb_dcd.o [1]
DCD_HandleEnumDone_ISR  0x0801e5bd    0x4e  Code  Lc  usb_dcd_int.o [1]
DCD_HandleInEP_ISR      0x0801e1c1   0x102  Code  Lc  usb_dcd_int.o [1]
DCD_HandleOutEP_ISR     0x0801e2c3    0xd8  Code  Lc  usb_dcd_int.o [1]
DCD_HandleResume_ISR    0x0801e0ef    0x4c  Code  Lc  usb_dcd_int.o [1]
DCD_HandleRxStatusQueueLevel_ISR
                        0x0801e3b9    0x9e  Code  Lc  usb_dcd_int.o [1]
DCD_HandleSof_ISR       0x0801e39b    0x1e  Code  Lc  usb_dcd_int.o [1]
DCD_HandleUSBSuspend_ISR
                        0x0801e13b    0x86  Code  Lc  usb_dcd_int.o [1]
DCD_HandleUsbReset_ISR  0x0801e4f7    0xc6  Code  Lc  usb_dcd_int.o [1]
DCD_Init                0x08012e3d    0xa2  Code  Gb  usb_dcd.o [1]
DCD_IsoINIncomplete_ISR
                        0x0801e60b    0x1e  Code  Lc  usb_dcd_int.o [1]
DCD_IsoOUTIncomplete_ISR
                        0x0801e629    0x1e  Code  Lc  usb_dcd_int.o [1]
DCD_ReadDevInEP         0x0801e651    0x2e  Code  Lc  usb_dcd_int.o [1]
DCD_WriteEmptyTxFifo    0x0801e457    0xa0  Code  Lc  usb_dcd_int.o [1]
DMA1_Stream0_IRQHandler
                        0x0801854d    0x52  Code  Gb  interrupts.o [1]
DMA1_Stream6_IRQHandler
                        0x080195e5    0x3e  Code  Gb  interrupts.o [1]
DMA1_Stream7_IRQHandler
                        0x080184b9    0x94  Code  Gb  interrupts.o [1]
DMA2_Stream0_IRQHandler
[...]
make_ekran_pare_RS485   0x0801a9eb   0x1ee  Code  Gb  menu_choose_communication_parameters.o [1]
make_ekran_password     0x08021e01   0x11a  Code  Gb  menu_level_password.o [1]
make_ekran_pickup_group_alarm
                        0x0801bbf5   0x278  Code  Gb  menu_group_alarm.o [1]
make_ekran_setting_language
                        0x0802245d   0x138  Code  Gb  menu_setting_language.o [1]
make_ekran_state_inputs_or_outputs
                        0x0801c167   0x12c  Code  Gb  menu_state_inputs_outputs.o [1]
make_ekran_stopbits_RS485
                        0x0801ac75   0x1e8  Code  Gb  menu_choose_communication_parameters.o [1]
make_ekran_time         0x08014e8f   0x1f8  Code  Gb  menu_time.o [1]
make_ekran_time_config_or_settings
                        0x08020f69   0x202  Code  Gb  menu_labels.o [1]
make_ekran_timeout_RS485
                        0x0801af1d   0x246  Code  Gb  menu_choose_communication_parameters.o [1]
make_reconfiguration_RS_485
                        0x60000794     0x2  Data  Gb  main.o [1]
mark_current_tick_RS_485
                        0x60000798     0x2  Data  Gb  main.o [1]
max_number_digit_in_number
                        0x0801c051    0x14  Code  Gb  menu_state_inputs_outputs.o [1]
max_reaction_time_rs_485
                        0x2000ec4c     0x4  Data  Gb  main.o [1]
measurement             0x2000ea58    0x14  Data  Gb  main.o [1]
measurement_high        0x2000e940    0x28  Data  Gb  main.o [1]
measurement_low         0x2000ea80    0x14  Data  Gb  main.o [1]
measurement_middle      0x2000ea6c    0x14  Data  Gb  main.o [1]
method_sum_sqr_data     0x08019af1    0xc2  Code  Gb  measurement.o [1]
min_config              0x08007a6d    0x48  Code  Gb  start_settings.o [1]
min_settings            0x08007ab5    0x9a  Code  Gb  start_settings.o [1]
min_settings_ALARM      0x08004ad1    0xa2  Code  Gb  procedures.o [1]
min_settings_AND        0x08004e8f    0x60  Code  Gb  procedures.o [1]
min_settings_GROUP_ALARM
                        0x08004c9d    0xa6  Code  Gb  procedures.o [1]
min_settings_INPUT      0x08004721    0x62  Code  Gb  procedures.o [1]
min_settings_LED        0x08004985    0x72  Code  Gb  procedures.o [1]
min_settings_MEANDER    0x08005477    0x5a  Code  Gb  procedures.o [1]
min_settings_NOT        0x0800514f    0x44  Code  Gb  procedures.o [1]
min_settings_OR         0x08004f7b    0x60  Code  Gb  procedures.o [1]
min_settings_OUTPUT     0x08004839    0x72  Code  Gb  procedures.o [1]
min_settings_TIMER      0x080051f3    0xaa  Code  Gb  procedures.o [1]
min_settings_TRIGGER    0x0800538f    0x5c  Code  Gb  procedures.o [1]
min_settings_XOR        0x08005067    0x5c  Code  Gb  procedures.o [1]
modbus_rountines        0x0801077d  0x17ec  Code  Gb  modbus.o [1]
mode_viewing            0x08003163    0x2c  Code  Gb  driver_lcd.o [1]
move_into_diagnostics   0x08021191   0x106  Code  Gb  menu_diagnostyka.o [1]
move_into_ekran_input_or_output
                        0x0801c065    0x86  Code  Gb  menu_state_inputs_outputs.o [1]
move_into_ekran_simple  0x08001965    0x48  Code  Gb  menu_ver2.o [1]
move_into_list_settings
                        0x0801f7c9   0x17e  Code  Gb  menu_list_settings.o [1]
move_into_list_settings_bios
                        0x08020971   0x120  Code  Gb  menu_list_settings_bios.o [1]
move_into_main          0x08021931    0xbe  Code  Gb  menu_main.o [1]
move_into_param_list_logical_nodes
                        0x0801f3e9   0x1c2  Code  Gb  menu_param_list_logical_nodes.o [1]
move_into_time          0x08014de1    0xae  Code  Gb  menu_time.o [1]
mparams                 0x2000e9c8    0x18  Data  Lc  dlmalloc.o [3]
new_level_menu          0x08001cf5   0xffc  Code  Gb  menu_ver2.o [1]
new_state_keyboard      0x2000ebb0     0x4  Data  Gb  main.o [1]
next_abi_dtor_rec       0x2000ece0     0x4  Data  Lc  cppinit.o [3]
next_level_in_current_level_menu2
                        0x600006b0    0x38  Data  Gb  main.o [1]
norma_value             0x08022d05    0x32  Code  Gb  protections.o [1]
number_bits_rs_485_waiting
                        0x60000796     0x2  Data  Gb  main.o [1]
number_busy_state       0x6000078c     0x2  Data  Gb  main.o [1]
number_bytes_transfer_spi_df
                        0x2000ec08     0x4  Data  Gb  main.o [1]
number_bytes_transfer_spi_df_copy
                        0x2000ec0c     0x4  Data  Gb  main.o [1]
number_chip_dataflsh_exchange
                        0x20000024     0x4  Data  Gb  main.o [1]
number_inputs_for_fix_one_second
                        0x2000eb98     0x4  Data  Gb  main.o [1]
number_recods_writing_into_dataflash_now
                        0x2000ec34     0x4  Data  Gb  main.o [1]
number_record_of_pr_err_into_RS485
                        0x20000030     0x4  Data  Gb  main.o [1]
number_record_of_pr_err_into_USB
                        0x2000002c     0x4  Data  Gb  main.o [1]
number_record_of_pr_err_into_menu
                        0x20000028     0x4  Data  Gb  main.o [1]
number_registers_read   0x6000079a     0x2  Data  Gb  main.o [1]
odynyci_vymirjuvannja   0x08026580     0xc  Data  Gb  main.o [1]
operate_test_ADCs       0x08019901   0x1f0  Code  Gb  measurement.o [1]
output_adc              0x2000e4d0    0x80  Data  Gb  main.o [1]
pHeadTmrNode            0x2000ec98     0x4  Data  Gb  prtTmr.o [1]
pTailTmrNode            0x2000ec9c     0x4  Data  Gb  prtTmr.o [1]
p_menu_param_1          0x60000768     0x4  Data  Gb  main.o [1]
p_menu_param_2          0x6000076c     0x4  Data  Gb  main.o [1]
part_transmit_carrent_data
                        0x6000079e     0x2  Data  Gb  main.o [1]
password_changed        0x600007a8     0x2  Data  Gb  main.o [1]
password_set_RS485      0x600007a6     0x2  Data  Gb  main.o [1]
password_set_USB        0x600007a4     0x2  Data  Gb  main.o [1]
password_ustuvannja     0x600007aa     0x2  Data  Gb  main.o [1]
periodical_operations   0x0800a6a9   0x2e4  Code  Gb  main.o [1]
periodical_tasks_TEST_CONFIG
                        0x2000ebb4     0x4  Data  Gb  main.o [1]
periodical_tasks_TEST_FLASH_MEMORY
                        0x2000ebc8     0x4  Data  Gb  main.o [1]
periodical_tasks_TEST_INFO_REJESTRATOR_PR_ERR
                        0x2000ebc0     0x4  Data  Gb  main.o [1]
periodical_tasks_TEST_INFO_REJESTRATOR_PR_ERR_LOCK
                        0x2000ebc4     0x4  Data  Gb  main.o [1]
periodical_tasks_TEST_SETTINGS
                        0x2000ebb8     0x4  Data  Gb  main.o [1]
periodical_tasks_TEST_USTUVANNJA
                        0x2000ebbc     0x4  Data  Gb  main.o [1]
point_to_edited_rang    0x2000ec68     0x4  Data  Gb  main.o [1]
position_in_current_level_menu2
                        0x60000588    0x70  Data  Gb  main.o [1]
preSetUP                0x20000070    0x38  Data  Gb  Shematic.o [1]
prepend_alloc           0x0800aa0d   0x36c  Code  Lc  dlmalloc.o [3]
press_enter_in_address  0x0801a5cb    0x66  Code  Gb  menu_choose_communication_parameters.o [1]
press_enter_in_baud_RS485
                        0x0801a951    0x56  Code  Gb  menu_choose_communication_parameters.o [1]
press_enter_in_configuration
                        0x0801dc91   0x16e  Code  Gb  menu_configuration.o [1]
press_enter_in_control_alarm
                        0x0801cc87    0x80  Code  Gb  menu_alarm.o [1]
press_enter_in_control_group_alarm
                        0x0801b61d    0x7c  Code  Gb  menu_group_alarm.o [1]
press_enter_in_control_input
                        0x0801d3e5    0xa0  Code  Gb  menu_input.o [1]
press_enter_in_control_output_led
                        0x0801c7bf   0x146  Code  Gb  menu_output_led.o [1]
press_enter_in_delay_alarm
                        0x0801d02f    0x8a  Code  Gb  menu_alarm.o [1]
press_enter_in_delay_group_alarm
                        0x0801ba17    0x9c  Code  Gb  menu_group_alarm.o [1]
press_enter_in_delay_input
                        0x0801d757    0x8e  Code  Gb  menu_input.o [1]
press_enter_in_delay_meander
                        0x0801f233    0x84  Code  Gb  menu_meander.o [1]
press_enter_in_delay_timer
                        0x0801e93f    0xc8  Code  Gb  menu_timer.o [1]
press_enter_in_main_and_list_passwords
                        0x08021ae5    0x8e  Code  Gb  menu_main.o [1]
press_enter_in_pare_RS485
                        0x0801abd9    0x54  Code  Gb  menu_choose_communication_parameters.o [1]
press_enter_in_pickup_group_alarm
                        0x0801be6d    0x84  Code  Gb  menu_group_alarm.o [1]
press_enter_in_setting_language
                        0x08022595    0x4c  Code  Gb  menu_setting_language.o [1]
press_enter_in_stopbits_RS485
                        0x0801ae61    0x54  Code  Gb  menu_choose_communication_parameters.o [1]
press_enter_in_time     0x08015087    0xf0  Code  Gb  menu_time.o [1]
press_enter_in_timeout_RS485
                        0x0801b169    0x5a  Code  Gb  menu_choose_communication_parameters.o [1]
press_esc_in_address    0x0801a631     0xe  Code  Gb  menu_choose_communication_parameters.o [1]
press_esc_in_baud_RS485
                        0x0801a9a7    0x12  Code  Gb  menu_choose_communication_parameters.o [1]
press_esc_in_configuration
                        0x0801ddff    0x7e  Code  Gb  menu_configuration.o [1]
press_esc_in_control_alarm
                        0x0801cd07    0x2e  Code  Gb  menu_alarm.o [1]
press_esc_in_control_group_alarm
                        0x0801b699    0x2a  Code  Gb  menu_group_alarm.o [1]
press_esc_in_control_input
                        0x0801d485    0x2a  Code  Gb  menu_input.o [1]
press_esc_in_control_output_led
                        0x0801c905    0x5c  Code  Gb  menu_output_led.o [1]
press_esc_in_delay_alarm
                        0x0801d0b9    0x2c  Code  Gb  menu_alarm.o [1]
press_esc_in_delay_group_alarm
                        0x0801bab3    0x36  Code  Gb  menu_group_alarm.o [1]
press_esc_in_delay_input
                        0x0801d7e5    0x28  Code  Gb  menu_input.o [1]
press_esc_in_delay_meander
                        0x0801f2b7    0x28  Code  Gb  menu_meander.o [1]
press_esc_in_delay_timer
                        0x0801ea07    0x34  Code  Gb  menu_timer.o [1]
press_esc_in_list_settings
                        0x0801faff    0x60  Code  Gb  menu_list_settings.o [1]
press_esc_in_pare_RS485
                        0x0801ac2d    0x12  Code  Gb  menu_choose_communication_parameters.o [1]
press_esc_in_pickup_group_alarm
                        0x0801bef5    0x28  Code  Gb  menu_group_alarm.o [1]
press_esc_in_setting_language
                        0x080225e1     0xe  Code  Gb  menu_setting_language.o [1]
press_esc_in_stopbits_RS485
                        0x0801aebd    0x12  Code  Gb  menu_choose_communication_parameters.o [1]
press_esc_in_timeout_RS485
                        0x0801b1c3     0xe  Code  Gb  menu_choose_communication_parameters.o [1]
pressed_buttons         0x2000eba4     0x4  Data  Gb  main.o [1]
previous_count_tim4_USB
                        0x2000ecec     0x2  Data  Gb  main.o [1]
previous_level_in_current_level_menu2
                        0x60000678    0x38  Data  Gb  main.o [1]
previous_tick_VAL       0x2000eb78     0x4  Data  Gb  main.o [1]
rand                    0x080121a9    0xe0  Code  Gb  rand.o [3]
read_write_i2c_buffer   0x60000208   0x100  Data  Gb  main.o [1]
registers_address_read  0x60000770     0x4  Data  Gb  main.o [1]
registers_address_write
                        0x60000774     0x4  Data  Gb  main.o [1]
registers_values        0x60000508    0x80  Data  Gb  main.o [1]
reset_trigger_function_from_interface
                        0x2000ebac     0x4  Data  Gb  main.o [1]
restart_monitoring_RS485
                        0x080087b7    0x4c  Code  Gb  interfaces.o [1]
restart_resurs_count    0x2000ebd0     0x4  Data  Gb  main.o [1]
restart_timeout_idle_new_settings
                        0x600007ae     0x2  Data  Gb  main.o [1]
restart_timeout_interface
                        0x600007ac     0x2  Data  Gb  main.o [1]
restart_timing_watchdog
                        0x2000ebe4     0x4  Data  Gb  main.o [1]
resurs_global           0x2000ebd8     0x4  Data  Gb  main.o [1]
resurs_global_max       0x2000ebe0     0x4  Data  Gb  main.o [1]
resurs_global_min       0x2000ebdc     0x4  Data  Gb  main.o [1]
resurs_temp             0x2000ebd4     0x4  Data  Gb  main.o [1]
sca_of_p                0x2000e87c    0x30  Data  Gb  main.o [1]
sca_of_p_edit           0x2000e8ac    0x30  Data  Gb  main.o [1]
segment_holding         0x0800a98d    0x1a  Code  Lc  dlmalloc.o [3]
select_struct_settings_fix
                        0x0800329f    0x30  Code  Gb  driver_lcd.o [1]
semaphore_adc_irq       0x2000eb58     0x4  Data  Gb  main.o [1]
semaphore_measure_values_low1
                        0x2000eb94     0x4  Data  Gb  main.o [1]
serial_number_dev       0x2000ec70     0x4  Data  Gb  main.o [1]
set_config_and_settings
                        0x080056e1   0x406  Code  Gb  procedures.o [1]
set_diagnostyka         0x2000ead8     0xc  Data  Gb  main.o [1]
set_previous_ranguvannja
                        0x08010771     0x8  Code  Gb  modbus.o [1]
settings_fix            0x2000dec8   0x104  Data  Gb  main.o [1]
settings_fix_edit       0x2000dfcc   0x104  Data  Gb  main.o [1]
settings_fix_prt        0x2000ddc4   0x104  Data  Gb  main.o [1]
sh                      0x2000ecb4     0x4  Data  Gb  Shematic.o [1]
sh1MsRegisteredTimers   0x2000ecee     0x2  Data  Gb  prtTmr.o [1]
shCounterCalls_GLB      0x2000ecf0     0x2  Data  Lc  Shematic.o [1]
spca_of_p_prt           0x2000e84c    0x30  Data  Gb  main.o [1]
sqr_current_data        0x2000d348   0x280  Data  Gb  main.o [1]
sqrt_64                 0x0802293d    0x66  Code  Gb  protections.o [1]
srand                   0x08012189    0x20  Code  Gb  srand.o [3]
start_checking_dataflash
                        0x08007e95   0x2a8  Code  Gb  start_settings.o [1]
start_exchange_via_spi  0x080101d5   0x10e  Code  Gb  driver_serial_dataflash.o [1]
start_read_buffer_via_I2C
                        0x0800da09    0xf4  Code  Gb  eeprom_rtc.o [1]
start_settings_peripherals
                        0x08006f1d   0xb28  Code  Gb  start_settings.o [1]
start_tim4_canal2_for_interrupt_1mc
                        0x0800813d    0x3e  Code  Gb  start_settings.o [1]
start_tim4_canal3_for_interrupt_10mkc
                        0x0800817b    0x4e  Code  Gb  start_settings.o [1]
start_transmint_data_via_RS_485
                        0x080144d5    0xd8  Code  Gb  modbus.o [1]
start_write_buffer_via_I2C
                        0x0800d915    0xf4  Code  Gb  eeprom_rtc.o [1]
state_i2c_task          0x20000020     0x4  Data  Gb  main.o [1]
state_inputs            0x2000eba0     0x4  Data  Gb  main.o [1]
state_reading_ADCs      0x2000eb74     0x4  Data  Gb  main.o [1]
status_adc_read_work    0x2000eb64     0x4  Data  Gb  main.o [1]
str_to_int_DATE_Mmm     0x08003fe9    0x6c  Code  Gb  procedures.o [1]
sum_sqr_data            0x2000e708    0x50  Data  Gb  main.o [1]
sum_sqr_data_irq        0x2000e918    0x28  Data  Gb  main.o [1]
sys_alloc               0x0800ad79   0x386  Code  Lc  dlmalloc.o [3]
tail_fifo_buffer_pr_err_records
                        0x2000ec28     0x4  Data  Gb  main.o [1]
temp_register_rtc       0x60000788     0x2  Data  Gb  main.o [1]
temporary_block_writing_records_pr_err_into_DataFlash
                        0x2000ec2c     0x4  Data  Gb  main.o [1]
test_external_SRAM      0x0800d4a9    0x4c  Code  Gb  low_level_init.o [1]
test_watchdogs          0x2000ec7c     0x4  Data  Gb  main.o [1]
time                    0x60000750     0x8  Data  Gb  main.o [1]
time_1_watchdog_input   0x2000ebe8     0x4  Data  Gb  main.o [1]
time_1_watchdog_output  0x2000ebf8     0x4  Data  Gb  main.o [1]
time_2_watchdog_input   0x2000ebec     0x4  Data  Gb  main.o [1]
time_2_watchdog_output  0x2000ebfc     0x4  Data  Gb  main.o [1]
time_copy               0x60000758     0x8  Data  Gb  main.o [1]
time_delta_watchdog_input
                        0x2000ebf0     0x4  Data  Gb  main.o [1]
time_delta_watchdog_input_max
                        0x2000ebf4     0x4  Data  Gb  main.o [1]
time_delta_watchdog_input_min
                        0x20000018     0x4  Data  Gb  main.o [1]
time_delta_watchdog_output
                        0x2000ec00     0x4  Data  Gb  main.o [1]
time_delta_watchdog_output_max
                        0x2000ec04     0x4  Data  Gb  main.o [1]
time_delta_watchdog_output_min
                        0x2000001c     0x4  Data  Gb  main.o [1]
time_edit               0x60000760     0x8  Data  Gb  main.o [1]
time_last_receive_byte  0x2000ec48     0x4  Data  Gb  main.o [1]
time_rewrite            0x6000077c     0x2  Data  Gb  main.o [1]
time_set_keyboard       0x60000744     0xc  Data  Gb  main.o [1]
timeout_idle_RS485      0x2000ec50     0x4  Data  Gb  main.o [1]
timeout_idle_USB        0x2000ec64     0x4  Data  Gb  main.o [1]
timeout_idle_new_settings
                        0x2000ec6c     0x4  Data  Gb  main.o [1]
tmalloc_large           0x0800b5a9   0x390  Code  Lc  dlmalloc.o [3]
tmalloc_small           0x0800b939   0x210  Code  Lc  dlmalloc.o [3]
total_error             0x2000ec80     0x4  Data  Gb  main.o [1]
total_error_sw_fixed    0x080035c9     0x6  Code  Gb  main.o [1]
try_realloc_chunk       0x0800c30f   0x30a  Code  Lc  dlmalloc.o [3]
type_error_of_exchanging_via_i2c
                        0x6000078e     0x2  Data  Gb  main.o [1]
type_of_settings_changed_from_interface
                        0x600007b0     0x2  Data  Gb  main.o [1]
uCh_MAX_Amt_1_MS_TMR    0x08012876     0x1  Data  Gb  prtTmr.o [1]
usb_received            0x2000e1d0   0x100  Data  Gb  main.o [1]
usb_received_count      0x2000ec5c     0x4  Data  Gb  main.o [1]
usb_transmiting         0x2000e2d0   0x100  Data  Gb  main.o [1]
usb_transmiting_count   0x2000ec60     0x4  Data  Gb  main.o [1]
usbd_cdc_AltSet         0x2000ecb8     0x4  Data  Lc  usbd_cdc_core.o [1]
usbd_cdc_CfgDesc        0x20000100    0x44  Data  Gb  usbd_cdc_core.o [1]
usbd_cdc_DataIn         0x08020785    0x88  Code  Lc  usbd_cdc_core.o [1]
usbd_cdc_DataOut        0x0802080d    0x30  Code  Lc  usbd_cdc_core.o [1]
usbd_cdc_DeInit         0x08020665    0x28  Code  Lc  usbd_cdc_core.o [1]
usbd_cdc_EP0_RxReady    0x0802075f    0x26  Code  Lc  usbd_cdc_core.o [1]
usbd_cdc_Init           0x08020619    0x4c  Code  Lc  usbd_cdc_core.o [1]
usbd_cdc_SOF            0x0802083d    0x22  Code  Lc  usbd_cdc_core.o [1]
usbd_cdc_Setup          0x0802068d    0xd2  Code  Lc  usbd_cdc_core.o [1]
ustuvannja              0x2000ea30    0x14  Data  Gb  main.o [1]
ustuvannja_meas         0x2000ea1c    0x14  Data  Gb  main.o [1]
vdd_adc                 0x20000014     0x4  Data  Gb  main.o [1]
vdd_adc_averange_sum    0x20000010     0x4  Data  Gb  main.o [1]
vdd_adc_moment_value    0x2000e5d0    0x80  Data  Gb  main.o [1]
view_whole_ekran        0x08003225    0x7a  Code  Gb  driver_lcd.o [1]
vref_adc                0x2000000c     0x4  Data  Gb  main.o [1]
vref_adc_averange_sum   0x20000008     0x4  Data  Gb  main.o [1]
vref_adc_moment_value   0x2000e550    0x80  Data  Gb  main.o [1]
wait_lcd_ready          0x0800c6ad    0xa0  Code  Gb  driver_lcd.o [1]
wait_of_receiving_current_data
                        0x600007a2     0x2  Data  Gb  main.o [1]
watchdog_routine        0x080126e5   0x18c  Code  Gb  main.o [1]
what_we_are_reading_from_dataflash_1
                        0x2000ec20     0x4  Data  Gb  main.o [1]
word_SRAM1              0x6000078a     0x2  Data  Gb  main.o [1]
working_ekran           0x60000714    0x20  Data  Gb  main.o [1]
write_command_to_lcd    0x08006245    0x40  Code  Gb  driver_lcd.o [1]
write_data_to_lcd       0x080062f5    0x40  Code  Gb  driver_lcd.o [1]


[1] = G:\emb_pj\CS_Demo\demo3\cs_pr_a\Device-2.12.x.y\project files\v.12.x.y\Flash-Debug\Obj
[2] = command line
[3] = dl7M_tlf.a
[4] = dlpp7M_tl_fe.a
[5] = m7M_tl.a
[6] = rt7M_tl.a
[7] = shb_l.a

  134 470 bytes of readonly  code memory
   23 632 bytes of readonly  data memory
  128 182 bytes of readwrite data memory

Errors: none
Warnings: none
