###############################################################################
#
# IAR ANSI C/C++ Compiler V7.50.2.10312/W32 for ARM       24/Mar/2017  12:54:55
# Copyright 1999-2015 IAR Systems AB.
#
#    Cpu mode     =  thumb
#    Endian       =  little
#    Source file  =  
#        G:\emb_pj\CS_Demo\demo3\cs_pr_a\Device-2.12.x.y\working
#        files\v_A_shm\LUDInput_0_1.cpp
#    Command line =  
#        "G:\emb_pj\CS_Demo\demo3\cs_pr_a\Device-2.12.x.y\working
#        files\v_A_shm\LUDInput_0_1.cpp" -D USE_STDPERIPH_DRIVER -D STM32F2XX
#        -D USE_USB_OTG_FS -D SYSTEM_VIEWER_ENABLE -lc
#        "G:\emb_pj\CS_Demo\demo3\cs_pr_a\Device-2.12.x.y\project
#        files\v.12.x.y\Flash-Debug\List" -lB
#        "G:\emb_pj\CS_Demo\demo3\cs_pr_a\Device-2.12.x.y\project
#        files\v.12.x.y\Flash-Debug\List" --remarks -o
#        "G:\emb_pj\CS_Demo\demo3\cs_pr_a\Device-2.12.x.y\project
#        files\v.12.x.y\Flash-Debug\Obj" --no_cse --no_unroll --no_inline
#        --no_code_motion --no_tbaa --no_clustering --no_scheduling --debug
#        --endian=little --cpu=Cortex-M3 -e --enable_multibytes --fpu=None
#        --dlib_config G:\PRG\IAR7_50_2\arm\INC\c\DLib_Config_Full.h -I
#        "G:\emb_pj\CS_Demo\demo3\cs_pr_a\Device-2.12.x.y\project
#        files\v.12.x.y\..\..\working files\inc\" -I
#        "G:\emb_pj\CS_Demo\demo3\cs_pr_a\Device-2.12.x.y\project
#        files\v.12.x.y\..\..\working files\usb\" -I
#        "G:\emb_pj\CS_Demo\demo3\cs_pr_a\Device-2.12.x.y\project
#        files\v.12.x.y\..\..\Libraries\CMSIS\Device\ST\STM32F2xx\Include\" -I
#        "G:\emb_pj\CS_Demo\demo3\cs_pr_a\Device-2.12.x.y\project
#        files\v.12.x.y\..\..\Libraries\STM32F2xx_StdPeriph_Driver\inc\" -I
#        "G:\emb_pj\CS_Demo\demo3\cs_pr_a\Device-2.12.x.y\project
#        files\v.12.x.y\..\..\Libraries\STM32_USB_OTG_Driver\inc\" -I
#        "G:\emb_pj\CS_Demo\demo3\cs_pr_a\Device-2.12.x.y\project
#        files\v.12.x.y\..\..\Libraries\STM32_USB_Device_Library\Core\inc\" -I
#        "G:\emb_pj\CS_Demo\demo3\cs_pr_a\Device-2.12.x.y\project
#        files\v.12.x.y\..\..\Libraries\STM32_USB_Device_Library\Class\cdc\inc\"
#        -I "G:\emb_pj\CS_Demo\demo3\cs_pr_a\Device-2.12.x.y\project
#        files\v.12.x.y\..\..\SystemView\Config\" -I
#        "G:\emb_pj\CS_Demo\demo3\cs_pr_a\Device-2.12.x.y\project
#        files\v.12.x.y\..\..\SystemView\OS\" -I
#        "G:\emb_pj\CS_Demo\demo3\cs_pr_a\Device-2.12.x.y\project
#        files\v.12.x.y\..\..\SystemView\SEGGER\" -On --eec++ -I
#        G:\PRG\IAR7_50_2\arm\CMSIS\Include\ -D ARM_MATH_CM3
#    List file    =  
#        G:\emb_pj\CS_Demo\demo3\cs_pr_a\Device-2.12.x.y\project
#        files\v.12.x.y\Flash-Debug\List\LUDInput_0_1.lst
#    Object file  =  
#        G:\emb_pj\CS_Demo\demo3\cs_pr_a\Device-2.12.x.y\project
#        files\v.12.x.y\Flash-Debug\Obj\LUDInput_0_1.o
#
###############################################################################

G:\emb_pj\CS_Demo\demo3\cs_pr_a\Device-2.12.x.y\working files\v_A_shm\LUDInput_0_1.cpp
      1          #ifdef VISUAL_STUDIO
      2          #include "StdAfx.h"
      3          #endif
      4          #include "LUDInput_0_1.h"
      5          void READ_Op_0_1(void *pObj)
                                        ^
Remark[Pe826]: parameter "pObj" was never referenced
      6          {
      7          	//CLUNot_1_1& refCLUNot_1_1 = pObj;
      8          //	CLUDInput_0_1 *pCLUDInput_0_1 = (CLUDInput_0_1*)pObj;
      9          
     10          }
     11          void READ_DI_Op(void *pObj)
     12          {
     13          	//CLUNot_1_1& refCLUNot_1_1 = pObj;
     14          	CLUDInput_0_1 *pCLUDInput_0_1 = reinterpret_cast<CLUDInput_0_1 *>(pObj);
     15          	pCLUDInput_0_1->arrOut[0] = 
     16          	static_cast<char>(pCLUDInput_0_1->shLUBieldOrdNum);//Any value from Input
     17          
     18          }
     19          
     20          CLUDInput_0_1::CLUDInput_0_1(void)
     21          {
     22          }
     23          
     24          CLUDInput_0_1::CLUDInput_0_1(char chM,char chI)//,LUOutDsc* pLUOutDsc)
     25          {
     26          	chMaxIteratoin = chM;
     27          	chIteration = chI;
     28          	chNumInput  = static_cast<char>(shCLUDInput_0_1_AmtIn );
     29          	chNumOutput = static_cast<char>(shCLUDInput_0_1_AmtOut);
     30          	//chTypeLogicFunction = LU_OP_READ_DI;
     31          	//LogicFunc  = READ_DI_Op;//???
     32          
     33          	//Set Input parameters
     34          
     35          
     36          
     37          	//Set OutPut parameters
     38          	//pOut = (void*)arrOut;
     39          }
     40          
     41          CLUDInput_0_1::~CLUDInput_0_1(void)
     42          {
     43          }

   Maximum stack usage in bytes:

   .cstack Function
   ------- --------
       8   CLUDInput_0_1::CLUDInput_0_1()
         8   -> CLUBase::subobject CLUBase()
      16   CLUDInput_0_1::CLUDInput_0_1(char, char)
        16   -> CLUBase::subobject CLUBase()
       8   CLUDInput_0_1::subobject CLUDInput_0_1()
         8   -> CLUDInput_0_1::CLUDInput_0_1()
       8   CLUDInput_0_1::subobject CLUDInput_0_1(char, char)
         8   -> CLUDInput_0_1::CLUDInput_0_1(char, char)
       8   CLUDInput_0_1::subobject ~CLUDInput_0_1()
         8   -> CLUDInput_0_1::~CLUDInput_0_1()
       8   CLUDInput_0_1::~CLUDInput_0_1()
         8   -> CLUBase::subobject ~CLUBase()
       0   READ_DI_Op(void *)
       0   READ_Op_0_1(void *)


   Section sizes:

   Bytes  Function/Label
   -----  --------------
      14  CLUDInput_0_1::CLUDInput_0_1()
      30  CLUDInput_0_1::CLUDInput_0_1(char, char)
      12  CLUDInput_0_1::subobject CLUDInput_0_1()
      16  CLUDInput_0_1::subobject CLUDInput_0_1(char, char)
      12  CLUDInput_0_1::subobject ~CLUDInput_0_1()
      14  CLUDInput_0_1::~CLUDInput_0_1()
       6  READ_DI_Op(void *)
       2  READ_Op_0_1(void *)

 
 106 bytes in section .text
 
 106 bytes of CODE memory

Errors: none
Warnings: none
