###############################################################################
#
# IAR ANSI C/C++ Compiler V7.50.2.10312/W32 for ARM       24/Mar/2017  12:55:00
# Copyright 1999-2015 IAR Systems AB.
#
#    Cpu mode     =  thumb
#    Endian       =  little
#    Source file  =  
#        G:\emb_pj\CS_Demo\demo3\cs_pr_a\Device-2.12.x.y\SystemView\Config\SEGGER_SYSVIEW_Config_NoOS.c
#    Command line =  
#        G:\emb_pj\CS_Demo\demo3\cs_pr_a\Device-2.12.x.y\SystemView\Config\SEGGER_SYSVIEW_Config_NoOS.c
#        -D USE_STDPERIPH_DRIVER -D STM32F2XX -D USE_USB_OTG_FS -D
#        KEYBOARD_VER_1 -D SYSTEM_VIEWER_ENABLE -lc
#        "G:\emb_pj\CS_Demo\demo3\cs_pr_a\Device-2.12.x.y\project
#        files\v.12.x.y\Flash-Debug\List" --remarks -o
#        "G:\emb_pj\CS_Demo\demo3\cs_pr_a\Device-2.12.x.y\project
#        files\v.12.x.y\Flash-Debug\Obj" --no_cse --no_unroll --no_inline
#        --no_code_motion --no_tbaa --no_clustering --no_scheduling --debug
#        --endian=little --cpu=Cortex-M3 -e --enable_multibytes --fpu=None
#        --dlib_config G:\PRG\IAR7_50_2\arm\INC\c\DLib_Config_Full.h -I
#        "G:\emb_pj\CS_Demo\demo3\cs_pr_a\Device-2.12.x.y\project
#        files\v.12.x.y\..\..\working files\inc\" -I
#        "G:\emb_pj\CS_Demo\demo3\cs_pr_a\Device-2.12.x.y\project
#        files\v.12.x.y\..\..\working files\usb\" -I
#        "G:\emb_pj\CS_Demo\demo3\cs_pr_a\Device-2.12.x.y\project
#        files\v.12.x.y\..\..\Libraries\CMSIS\Device\ST\STM32F2xx\Include\" -I
#        "G:\emb_pj\CS_Demo\demo3\cs_pr_a\Device-2.12.x.y\project
#        files\v.12.x.y\..\..\Libraries\STM32F2xx_StdPeriph_Driver\inc\" -I
#        "G:\emb_pj\CS_Demo\demo3\cs_pr_a\Device-2.12.x.y\project
#        files\v.12.x.y\..\..\Libraries\STM32_USB_OTG_Driver\inc\" -I
#        "G:\emb_pj\CS_Demo\demo3\cs_pr_a\Device-2.12.x.y\project
#        files\v.12.x.y\..\..\Libraries\STM32_USB_Device_Library\Core\inc\" -I
#        "G:\emb_pj\CS_Demo\demo3\cs_pr_a\Device-2.12.x.y\project
#        files\v.12.x.y\..\..\Libraries\STM32_USB_Device_Library\Class\cdc\inc\"
#        -I "G:\emb_pj\CS_Demo\demo3\cs_pr_a\Device-2.12.x.y\project
#        files\v.12.x.y\..\..\SystemView\Config\" -I
#        "G:\emb_pj\CS_Demo\demo3\cs_pr_a\Device-2.12.x.y\project
#        files\v.12.x.y\..\..\SystemView\OS\" -I
#        "G:\emb_pj\CS_Demo\demo3\cs_pr_a\Device-2.12.x.y\project
#        files\v.12.x.y\..\..\SystemView\SEGGER\" -On --use_c++_inline
#        --require_prototypes -I G:\PRG\IAR7_50_2\arm\CMSIS\Include\ -D
#        ARM_MATH_CM3
#    List file    =  
#        G:\emb_pj\CS_Demo\demo3\cs_pr_a\Device-2.12.x.y\project
#        files\v.12.x.y\Flash-Debug\List\SEGGER_SYSVIEW_Config_NoOS.lst
#    Object file  =  
#        G:\emb_pj\CS_Demo\demo3\cs_pr_a\Device-2.12.x.y\project
#        files\v.12.x.y\Flash-Debug\Obj\SEGGER_SYSVIEW_Config_NoOS.o
#
###############################################################################

G:\emb_pj\CS_Demo\demo3\cs_pr_a\Device-2.12.x.y\SystemView\Config\SEGGER_SYSVIEW_Config_NoOS.c
      1          /*********************************************************************
      2          *               SEGGER MICROCONTROLLER GmbH & Co. KG                 *
      3          *       Solutions for real time microcontroller applications         *
      4          **********************************************************************
      5          *                                                                    *
      6          *       (c) 2015  SEGGER Microcontroller GmbH & Co. KG               *
      7          *                                                                    *
      8          *       www.segger.com     Support: support@segger.com               *
      9          *                                                                    *
     10          **********************************************************************
     11          *                                                                    *
     12          *       SEGGER SystemView * Real-time application analysis           *
     13          *                                                                    *
     14          **********************************************************************
     15          *                                                                    *
     16          * All rights reserved.                                               *
     17          *                                                                    *
     18          * * This software may in its unmodified form be freely redistributed *
     19          *   in source form.                                                  *
     20          * * The source code may be modified, provided the source code        *
     21          *   retains the above copyright notice, this list of conditions and  *
     22          *   the following disclaimer.                                        *
     23          * * Modified versions of this software in source or linkable form    *
     24          *   may not be distributed without prior consent of SEGGER.          *
     25          *                                                                    *
     26          * THIS SOFTWARE IS PROVIDED BY THE COPYRIGHT HOLDERS "AS IS" AND     *
     27          * ANY EXPRESS OR IMPLIED WARRANTIES, INCLUDING, BUT NOT LIMITED TO,  *
     28          * THE IMPLIED WARRANTIES OF MERCHANTABILITY AND FITNESS FOR A        *
     29          * PARTICULAR PURPOSE ARE DISCLAIMED. IN NO EVENT SHALL               *
     30          * SEGGER Microcontroller BE LIABLE FOR ANY DIRECT, INDIRECT,         *
     31          * INCIDENTAL, SPECIAL, EXEMPLARY, OR CONSEQUENTIAL DAMAGES           *
     32          * (INCLUDING, BUT NOT LIMITED TO, PROCUREMENT OF SUBSTITUTE GOODS    *
     33          * OR SERVICES; LOSS OF USE, DATA, OR PROFITS; OR BUSINESS            *
     34          * INTERRUPTION) HOWEVER CAUSED AND ON ANY THEORY OF LIABILITY,       *
     35          * WHETHER IN CONTRACT, STRICT LIABILITY, OR TORT (INCLUDING          *
     36          * NEGLIGENCE OR OTHERWISE) ARISING IN ANY WAY OUT OF THE USE OF THIS *
     37          * SOFTWARE, EVEN IF ADVISED OF THE POSSIBILITY OF SUCH DAMAGE.       *
     38          *                                                                    *
     39          **********************************************************************
     40          *                                                                    *
     41          *       SystemView version: V2.24                                    *
     42          *                                                                    *
     43          **********************************************************************
     44          -------------------------- END-OF-HEADER -----------------------------
     45          
     46          File        : SEGGER_SYSVIEW_Config_NoOS.c
     47          Purpose     : Sample setup configuration of SystemView without an OS.
     48          */
     49          #include "SEGGER_SYSVIEW.h"
     50          
     51          // SystemcoreClock can be used in most CMSIS compatible projects.
     52          // In non-CMSIS projects define SYSVIEW_CPU_FREQ.
     53          extern unsigned int SystemCoreClock;
     54          
     55          /*********************************************************************
     56          *
     57          *       Defines, configurable
     58          *
     59          **********************************************************************
     60          */
     61          // The application name to be displayed in SystemViewer
     62          #define SYSVIEW_APP_NAME        "MRZS-05L-12.1"
     63          
     64          // The target device name
     65          #define SYSVIEW_DEVICE_NAME     "Cortex-M3"
     66          
     67          // Frequency of the timestamp. Must match SEGGER_SYSVIEW_Conf.h
     68          #define SYSVIEW_TIMESTAMP_FREQ  (SystemCoreClock >> 4)
     69          
     70          // System Frequency. SystemcoreClock is used in most CMSIS compatible projects.
     71          #define SYSVIEW_CPU_FREQ        (SystemCoreClock)
     72          
     73          // The lowest RAM address used for IDs (pointers)
     74          #define SYSVIEW_RAM_BASE        (0x20000000)
     75          
     76          /********************************************************************* 
     77          *
     78          *       _cbSendSystemDesc()
     79          *
     80          *  Function description
     81          *    Sends SystemView description strings.
     82          */
     83          static void _cbSendSystemDesc(void) {
     84            SEGGER_SYSVIEW_SendSysDesc("N="SYSVIEW_APP_NAME",D="SYSVIEW_DEVICE_NAME);
     85            SEGGER_SYSVIEW_SendSysDesc("I#15=SysTick");
     86            
     87            SEGGER_SYSVIEW_SendSysDesc("I#22=EXITI_POWER");
     88            SEGGER_SYSVIEW_SendSysDesc("I#27=DMA_I2C_Rx");
     89            SEGGER_SYSVIEW_SendSysDesc("I#33=DMA_USART_Tx");
     90            SEGGER_SYSVIEW_SendSysDesc("I#44=Protect.");
     91            SEGGER_SYSVIEW_SendSysDesc("I#46=IF_KB_D");
     92            SEGGER_SYSVIEW_SendSysDesc("I#47=I2C_EV");
     93            SEGGER_SYSVIEW_SendSysDesc("I#48=I2C_ER");
     94            SEGGER_SYSVIEW_SendSysDesc("I#51=SPI_DF");
     95            SEGGER_SYSVIEW_SendSysDesc("I#52=SPI_Meas.");
     96            SEGGER_SYSVIEW_SendSysDesc("I#54=USART_RS485");
     97            SEGGER_SYSVIEW_SendSysDesc("I#63=DMA_I2C_Tx");
     98            SEGGER_SYSVIEW_SendSysDesc("I#66=TIM_Meas.");
     99            SEGGER_SYSVIEW_SendSysDesc("I#72=DMA_DF_Rx");
    100            SEGGER_SYSVIEW_SendSysDesc("I#83=USB_OTG_FS");
    101          }
    102          
    103          /*********************************************************************
    104          *
    105          *       Global functions
    106          *
    107          **********************************************************************
    108          */
    109          void SEGGER_SYSVIEW_Conf(void) {
    110            SEGGER_SYSVIEW_Init(SYSVIEW_TIMESTAMP_FREQ, SYSVIEW_CPU_FREQ, 
    111                                0, _cbSendSystemDesc);
    112            SEGGER_SYSVIEW_SetRAMBase(SYSVIEW_RAM_BASE);
    113          }
    114          
    115          /*************************** End of file ****************************/

   Maximum stack usage in bytes:

   .cstack Function
   ------- --------
       8   SEGGER_SYSVIEW_Conf
         8   -> SEGGER_SYSVIEW_Init
         8   -> SEGGER_SYSVIEW_SetRAMBase
       8   _cbSendSystemDesc
         8   -> SEGGER_SYSVIEW_SendSysDesc


   Section sizes:

   Bytes  Function/Label
   -----  --------------
       4  ??DataTable1
       4  ??DataTable1_1
       4  ??DataTable1_10
       4  ??DataTable1_11
       4  ??DataTable1_12
       4  ??DataTable1_13
       4  ??DataTable1_14
       4  ??DataTable1_15
       4  ??DataTable1_16
       4  ??DataTable1_17
       4  ??DataTable1_2
       4  ??DataTable1_3
       4  ??DataTable1_4
       4  ??DataTable1_5
       4  ??DataTable1_6
       4  ??DataTable1_7
       4  ??DataTable1_8
       4  ??DataTable1_9
      28  ?_0
      16  ?_1
      16  ?_10
      20  ?_11
      16  ?_12
      16  ?_13
      16  ?_14
      16  ?_15
      20  ?_2
      16  ?_3
      20  ?_4
      16  ?_5
      16  ?_6
      12  ?_7
      12  ?_8
      12  ?_9
      30  SEGGER_SYSVIEW_Conf
     100  _cbSendSystemDesc

 
 268 bytes in section .rodata
 202 bytes in section .text
 
 202 bytes of CODE  memory
 268 bytes of CONST memory

Errors: none
Warnings: none
